Component: ARM Compiler 5.06 update 6 (build 750) Tool: armlink [4d35ed]

==============================================================================

Section Cross References

    misc.o(i.NotifyAsyncIoFinished) refers to cmsis_os.o(i.osSignalSet) for osSignalSet
    misc.o(i.SetUserSignal) refers to cmsis_os.o(i.osSignalSet) for osSignalSet
    uart-api.o(i.StartUartRx) refers to uart-api.o(.data) for .data
    uart-api.o(i.StartUartTx) refers to uart-api.o(.data) for .data
    uart-api.o(i.StopUartRx) refers to uart-api.o(.data) for .data
    uart-api.o(i.StopUartTx) refers to uart-api.o(.data) for .data
    uart-api.o(i.UART_IRQHandler) refers to ctype_o.o(.text) for __rt_ctype_table
    uart-api.o(i.UART_IRQHandler) refers to uart-api.o(i.StopUartIo) for StopUartIo
    uart-api.o(i.USART1_IRQHandler) refers to uart-api.o(i.UART_IRQHandler) for UART_IRQHandler
    uart-api.o(i.USART1_IRQHandler) refers to uart-api.o(.data) for .data
    uart-api.o(i.USART2_IRQHandler) refers to uart-api.o(i.UART_IRQHandler) for UART_IRQHandler
    uart-api.o(i.USART2_IRQHandler) refers to uart-api.o(.data) for .data
    uart-line-io.o(i.GetDataFromUart) refers to uart-line-io.o(i.GetLineFromUart) for GetLineFromUart
    uart-line-io.o(i.GetLineFromUart) refers to cmsis_os.o(i.osThreadGetId) for osThreadGetId
    uart-line-io.o(i.GetLineFromUart) refers to uart-api.o(i.StartUartRx) for StartUartRx
    uart-line-io.o(i.GetLineFromUart) refers to cmsis_os.o(i.osSignalWait) for osSignalWait
    uart-line-io.o(i.GetLineFromUart) refers to uart-api.o(i.StopUartRx) for StopUartRx
    uart-line-io.o(i.GetLineFromUart) refers to misc.o(i.NotifyAsyncIoFinished) for NotifyAsyncIoFinished
    uart-line-io.o(i.NotifyAsyncIoFinishedAtReqPhase) refers to uart-line-io.o(i.NotifyAsyncIoFinishedWithSignal) for NotifyAsyncIoFinishedWithSignal
    uart-line-io.o(i.NotifyAsyncIoFinishedAtResPhase) refers to uart-line-io.o(i.NotifyAsyncIoFinishedWithSignal) for NotifyAsyncIoFinishedWithSignal
    uart-line-io.o(i.NotifyAsyncIoFinishedWithSignal) refers to cmsis_os.o(i.osSignalSet) for osSignalSet
    uart-line-io.o(i.SendDataToUart) refers to cmsis_os.o(i.osThreadGetId) for osThreadGetId
    uart-line-io.o(i.SendDataToUart) refers to uart-api.o(i.StartUartTx) for StartUartTx
    uart-line-io.o(i.SendDataToUart) refers to cmsis_os.o(i.osSignalWait) for osSignalWait
    uart-line-io.o(i.SendDataToUart) refers to uart-api.o(i.StopUartTx) for StopUartTx
    uart-line-io.o(i.SendDataToUart) refers to misc.o(i.NotifyAsyncIoFinished) for NotifyAsyncIoFinished
    uart-line-io.o(i.SendReqAndRecvResDataWithUart) refers to uart-line-io.o(i.SendReqAndRecvResLineWithUart) for SendReqAndRecvResLineWithUart
    uart-line-io.o(i.SendReqAndRecvResLineWithUart) refers to cmsis_os.o(i.osThreadGetId) for osThreadGetId
    uart-line-io.o(i.SendReqAndRecvResLineWithUart) refers to uart-api.o(i.StartUartRx) for StartUartRx
    uart-line-io.o(i.SendReqAndRecvResLineWithUart) refers to uart-api.o(i.StartUartTx) for StartUartTx
    uart-line-io.o(i.SendReqAndRecvResLineWithUart) refers to uart-api.o(i.StopUartRx) for StopUartRx
    uart-line-io.o(i.SendReqAndRecvResLineWithUart) refers to cmsis_os.o(i.osSignalWait) for osSignalWait
    uart-line-io.o(i.SendReqAndRecvResLineWithUart) refers to uart-api.o(i.StopUartTx) for StopUartTx
    uart-line-io.o(i.SendReqAndRecvResLineWithUart) refers to uart-line-io.o(i.NotifyAsyncIoFinishedAtResPhase) for NotifyAsyncIoFinishedAtResPhase
    uart-line-io.o(i.SendReqAndRecvResLineWithUart) refers to uart-line-io.o(i.NotifyAsyncIoFinishedAtReqPhase) for NotifyAsyncIoFinishedAtReqPhase
    internal_flash.o(i.Flash_Write_NoCheck) refers to stm32f1xx_hal_flash.o(i.HAL_FLASH_Program) for HAL_FLASH_Program
    internal_flash.o(i.Internal_Flash_Read_Bytes) refers to internal_flash.o(i.Internal_Flash_Read_HalfWord) for Internal_Flash_Read_HalfWord
    internal_flash.o(i.Internal_Flash_Write_Bytes) refers to stm32f1xx_hal_flash.o(i.HAL_FLASH_Unlock) for HAL_FLASH_Unlock
    internal_flash.o(i.Internal_Flash_Write_Bytes) refers to internal_flash.o(i.Internal_Flash_Read_Bytes) for Internal_Flash_Read_Bytes
    internal_flash.o(i.Internal_Flash_Write_Bytes) refers to stm32f1xx_hal_flash_ex.o(i.HAL_FLASHEx_Erase) for HAL_FLASHEx_Erase
    internal_flash.o(i.Internal_Flash_Write_Bytes) refers to internal_flash.o(i.Flash_Write_NoCheck) for Flash_Write_NoCheck
    internal_flash.o(i.Internal_Flash_Write_Bytes) refers to stm32f1xx_hal_flash.o(i.HAL_FLASH_Lock) for HAL_FLASH_Lock
    internal_flash.o(i.Internal_Flash_Write_Bytes) refers to internal_flash.o(.bss) for FLASH_BUF
    startup_stm32f103xb.o(RESET) refers to startup_stm32f103xb.o(STACK) for __initial_sp
    startup_stm32f103xb.o(RESET) refers to startup_stm32f103xb.o(.text) for Reset_Handler
    startup_stm32f103xb.o(RESET) refers to stm32f1xx_it.o(i.NMI_Handler) for NMI_Handler
    startup_stm32f103xb.o(RESET) refers to stm32f1xx_it.o(i.HardFault_Handler) for HardFault_Handler
[...]
    __aeabi_llsr                             0x0800021f   Thumb Code    32  llushr.o(.text)
    _ll_ushift_r                             0x0800021f   Thumb Code     0  llushr.o(.text)
    __rt_ctype_table                         0x08000241   Thumb Code     4  ctype_o.o(.text)
    isspace                                  0x08000249   Thumb Code    18  isspace_o.o(.text)
    __aeabi_memcpy                           0x0800025b   Thumb Code    36  memcpya.o(.text)
    __aeabi_memcpy4                          0x0800025b   Thumb Code     0  memcpya.o(.text)
    __aeabi_memcpy8                          0x0800025b   Thumb Code     0  memcpya.o(.text)
    __aeabi_memset                           0x0800027f   Thumb Code    14  memseta.o(.text)
    __aeabi_memset4                          0x0800027f   Thumb Code     0  memseta.o(.text)
    __aeabi_memset8                          0x0800027f   Thumb Code     0  memseta.o(.text)
    __aeabi_memclr                           0x0800028d   Thumb Code     4  memseta.o(.text)
    __aeabi_memclr4                          0x0800028d   Thumb Code     0  memseta.o(.text)
    __aeabi_memclr8                          0x0800028d   Thumb Code     0  memseta.o(.text)
    memset                                   0x08000291   Thumb Code    18  memseta.o(.text)
    memchr                                   0x080002a3   Thumb Code    20  memchr.o(.text)
    memcmp                                   0x080002b7   Thumb Code    26  memcmp.o(.text)
    __0sscanf                                0x080002d1   Thumb Code    48  __0sscanf.o(.text)
    _scanf_int                               0x08000309   Thumb Code   332  _scanf_int.o(.text)
    __aeabi_fadd                             0x08000455   Thumb Code   164  fadd.o(.text)
    __aeabi_fsub                             0x080004f9   Thumb Code     6  fadd.o(.text)
    __aeabi_frsub                            0x080004ff   Thumb Code     6  fadd.o(.text)
    __aeabi_fmul                             0x08000505   Thumb Code   100  fmul.o(.text)
    __aeabi_fdiv                             0x08000569   Thumb Code   124  fdiv.o(.text)
    __aeabi_dadd                             0x080005e5   Thumb Code   322  dadd.o(.text)
    __aeabi_dsub                             0x08000727   Thumb Code     6  dadd.o(.text)
    __aeabi_drsub                            0x0800072d   Thumb Code     6  dadd.o(.text)
    __aeabi_dmul                             0x08000733   Thumb Code   228  dmul.o(.text)
    __aeabi_ddiv                             0x08000817   Thumb Code   222  ddiv.o(.text)
    __aeabi_i2f                              0x080008f5   Thumb Code    18  fflti.o(.text)
    __aeabi_ui2f                             0x08000907   Thumb Code    10  ffltui.o(.text)
    __aeabi_i2d                              0x08000911   Thumb Code    34  dflti.o(.text)
    __aeabi_ui2d                             0x08000933   Thumb Code    26  dfltui.o(.text)
    __aeabi_f2iz                             0x0800094d   Thumb Code    50  ffixi.o(.text)
    __aeabi_f2uiz                            0x0800097f   Thumb Code    40  ffixui.o(.text)
    __aeabi_d2uiz                            0x080009a7   Thumb Code    50  dfixui.o(.text)
    __aeabi_f2d                              0x080009d9   Thumb Code    38  f2d.o(.text)
    __aeabi_cdcmpeq                          0x08000a01   Thumb Code     0  cdcmple.o(.text)
    __aeabi_cdcmple                          0x08000a01   Thumb Code    48  cdcmple.o(.text)
    __aeabi_cdrcmple                         0x08000a31   Thumb Code    48  cdrcmple.o(.text)
    __aeabi_d2f                              0x08000a61   Thumb Code    56  d2f.o(.text)
    __aeabi_cfcmpeq                          0x08000a99   Thumb Code     0  cfcmple.o(.text)
    __aeabi_cfcmple                          0x08000a99   Thumb Code    20  cfcmple.o(.text)
    __aeabi_cfrcmple                         0x08000aad   Thumb Code    20  cfrcmple.o(.text)
    __aeabi_uldivmod                         0x08000ac1   Thumb Code    98  uldiv.o(.text)
    __aeabi_llsl                             0x08000b23   Thumb Code    30  llshl.o(.text)
    _ll_shift_l                              0x08000b23   Thumb Code     0  llshl.o(.text)
    __aeabi_lasr                             0x08000b41   Thumb Code    36  llsshr.o(.text)
    _ll_sshift_r                             0x08000b41   Thumb Code     0  llsshr.o(.text)
    _chval                                   0x08000b65   Thumb Code    28  _chval.o(.text)
    __vfscanf_char                           0x08000b8d   Thumb Code    20  scanf_char.o(.text)
    _sgetc                                   0x08000ba9   Thumb Code    30  _sgetc.o(.text)
    _sbackspace                              0x08000bc7   Thumb Code    34  _sgetc.o(.text)
    __I$use$fp                               0x08000be9   Thumb Code     0  iusefp.o(.text)
    _float_round                             0x08000be9   Thumb Code    18  fepilogue.o(.text)
    _float_epilogue                          0x08000bfb   Thumb Code    92  fepilogue.o(.text)
    _fsqrt                                   0x08000c57   Thumb Code    94  fsqrt.o(.text)
    _double_round                            0x08000cb5   Thumb Code    30  depilogue.o(.text)
    _double_epilogue                         0x08000cd3   Thumb Code   156  depilogue.o(.text)
    __scatterload                            0x08000d71   Thumb Code    28  init.o(.text)
    __scatterload_rt2                        0x08000d71   Thumb Code     0  init.o(.text)
    __vfscanf                                0x08000d95   Thumb Code   808  _scanf.o(.text)
    __ARM_scalbnf                            0x080010c1   Thumb Code    24  fscalb.o(.text)
    scalbnf                                  0x080010c1   Thumb Code     0  fscalb.o(.text)
    __decompress                             0x080010d9   Thumb Code     0  __dczerorl2.o(.text)
    __decompress1                            0x080010d9   Thumb Code    86  __dczerorl2.o(.text)
    ADC1_2_IRQHandler                        0x08001131   Thumb Code    10  stm32f1xx_it.o(i.ADC1_2_IRQHandler)
    ADC_ConversionStop_Disable               0x08001141   Thumb Code    82  stm32f1xx_hal_adc.o(i.ADC_ConversionStop_Disable)
    ADC_DMAConvCplt                          0x08001193   Thumb Code    82  stm32f1xx_hal_adc.o(i.ADC_DMAConvCplt)
    ADC_DMAError                             0x080011e5   Thumb Code    30  stm32f1xx_hal_adc.o(i.ADC_DMAError)
    ADC_DMAHalfConvCplt                      0x08001203   Thumb Code    14  stm32f1xx_hal_adc.o(i.ADC_DMAHalfConvCplt)
    ADC_Enable                               0x08001211   Thumb Code   122  stm32f1xx_hal_adc.o(i.ADC_Enable)
    BusFault_Handler                         0x08001295   Thumb Code     4  stm32f1xx_it.o(i.BusFault_Handler)
    DMA1_Channel1_IRQHandler                 0x08001299   Thumb Code    10  stm32f1xx_it.o(i.DMA1_Channel1_IRQHandler)
    DMA1_Channel5_IRQHandler                 0x080012a9   Thumb Code    10  stm32f1xx_it.o(i.DMA1_Channel5_IRQHandler)
    DebugMon_Handler                         0x080012e5   Thumb Code     2  stm32f1xx_it.o(i.DebugMon_Handler)
    EXTI15_10_IRQHandler                     0x080012e7   Thumb Code    12  soft_i2c.o(i.EXTI15_10_IRQHandler)
    Error_Handler                            0x080012f3   Thumb Code     4  main.o(i.Error_Handler)
    FLASH_PageErase                          0x08001321   Thumb Code    32  stm32f1xx_hal_flash_ex.o(i.FLASH_PageErase)
    FLASH_WaitForLastOperation               0x080013ed   Thumb Code   106  stm32f1xx_hal_flash.o(i.FLASH_WaitForLastOperation)
    Get_I2C_Retry                            0x08001489   Thumb Code     6  soft_i2c.o(i.Get_I2C_Retry)
    HAL_ADCEx_InjectedConvCpltCallback       0x08001495   Thumb Code     2  stm32f1xx_hal_adc_ex.o(i.HAL_ADCEx_InjectedConvCpltCallback)
    HAL_ADC_ConfigChannel                    0x08001499   Thumb Code   338  stm32f1xx_hal_adc.o(i.HAL_ADC_ConfigChannel)
    HAL_ADC_ConvCpltCallback                 0x080015f9   Thumb Code     2  stm32f1xx_hal_adc.o(i.HAL_ADC_ConvCpltCallback)
    HAL_ADC_ConvHalfCpltCallback             0x080015fb   Thumb Code     2  stm32f1xx_hal_adc.o(i.HAL_ADC_ConvHalfCpltCallback)
    HAL_ADC_ErrorCallback                    0x080015fd   Thumb Code     2  stm32f1xx_hal_adc.o(i.HAL_ADC_ErrorCallback)
    HAL_ADC_IRQHandler                       0x080015ff   Thumb Code   290  stm32f1xx_hal_adc.o(i.HAL_ADC_IRQHandler)
    HAL_ADC_Init                             0x08001721   Thumb Code   314  stm32f1xx_hal_adc.o(i.HAL_ADC_Init)
    HAL_ADC_LevelOutOfWindowCallback         0x08001865   Thumb Code     2  stm32f1xx_hal_adc.o(i.HAL_ADC_LevelOutOfWindowCallback)
    HAL_ADC_MspInit                          0x08001869   Thumb Code   172  adc.o(i.HAL_ADC_MspInit)
    HAL_ADC_Start_DMA                        0x08001929   Thumb Code   362  stm32f1xx_hal_adc.o(i.HAL_ADC_Start_DMA)
    HAL_DMA_IRQHandler                       0x08001aa9   Thumb Code   408  stm32f1xx_hal_dma.o(i.HAL_DMA_IRQHandler)
    HAL_DMA_Init                             0x08001c45   Thumb Code   100  stm32f1xx_hal_dma.o(i.HAL_DMA_Init)
    HAL_DMA_Start_IT                         0x08001cad   Thumb Code   156  stm32f1xx_hal_dma.o(i.HAL_DMA_Start_IT)
    HAL_Delay                                0x08001d49   Thumb Code    36  stm32f1xx_hal.o(i.HAL_Delay)
    HAL_FLASHEx_Erase                        0x08001d71   Thumb Code   168  stm32f1xx_hal_flash_ex.o(i.HAL_FLASHEx_Erase)
    HAL_FLASH_Lock                           0x08001e21   Thumb Code    16  stm32f1xx_hal_flash.o(i.HAL_FLASH_Lock)
    HAL_FLASH_Program                        0x08001e35   Thumb Code   168  stm32f1xx_hal_flash.o(i.HAL_FLASH_Program)
    HAL_FLASH_Unlock                         0x08001ee5   Thumb Code    36  stm32f1xx_hal_flash.o(i.HAL_FLASH_Unlock)
    HAL_GPIO_EXTI_Callback                   0x08001f15   Thumb Code    16  mpl_task.o(i.HAL_GPIO_EXTI_Callback)
    HAL_GPIO_EXTI_IRQHandler                 0x08001f25   Thumb Code    24  stm32f1xx_hal_gpio.o(i.HAL_GPIO_EXTI_IRQHandler)
    HAL_GPIO_Init                            0x08001f41   Thumb Code   766  stm32f1xx_hal_gpio.o(i.HAL_GPIO_Init)
    HAL_GPIO_ReadPin                         0x08002261   Thumb Code    16  stm32f1xx_hal_gpio.o(i.HAL_GPIO_ReadPin)
    HAL_GPIO_TogglePin                       0x08002271   Thumb Code    14  stm32f1xx_hal_gpio.o(i.HAL_GPIO_TogglePin)
    HAL_GPIO_WritePin                        0x0800227f   Thumb Code    12  stm32f1xx_hal_gpio.o(i.HAL_GPIO_WritePin)
    HAL_GetTick                              0x0800228d   Thumb Code     6  stm32f1xx_hal.o(i.HAL_GetTick)
    HAL_IncTick                              0x08002299   Thumb Code    16  stm32f1xx_hal.o(i.HAL_IncTick)
    HAL_Init                                 0x080022b1   Thumb Code    34  stm32f1xx_hal.o(i.HAL_Init)
    HAL_InitTick                             0x080022d9   Thumb Code   118  stm32f1xx_hal_timebase_tim.o(i.HAL_InitTick)
    HAL_MspInit                              0x08002361   Thumb Code    86  stm32f1xx_hal_msp.o(i.HAL_MspInit)
    HAL_NVIC_EnableIRQ                       0x080023c1   Thumb Code    32  stm32f1xx_hal_cortex.o(i.HAL_NVIC_EnableIRQ)
    HAL_NVIC_SetPriority                     0x080023e1   Thumb Code   124  stm32f1xx_hal_cortex.o(i.HAL_NVIC_SetPriority)
    HAL_NVIC_SetPriorityGrouping             0x0800245d   Thumb Code    32  stm32f1xx_hal_cortex.o(i.HAL_NVIC_SetPriorityGrouping)
    HAL_RCCEx_PeriphCLKConfig                0x08002485   Thumb Code   290  stm32f1xx_hal_rcc_ex.o(i.HAL_RCCEx_PeriphCLKConfig)
    HAL_RCC_ClockConfig                      0x080025b5   Thumb Code   376  stm32f1xx_hal_rcc.o(i.HAL_RCC_ClockConfig)
    HAL_RCC_GetClockConfig                   0x08002741   Thumb Code    58  stm32f1xx_hal_rcc.o(i.HAL_RCC_GetClockConfig)
    HAL_RCC_GetHCLKFreq                      0x08002785   Thumb Code     6  stm32f1xx_hal_rcc.o(i.HAL_RCC_GetHCLKFreq)
    HAL_RCC_GetPCLK1Freq                     0x08002791   Thumb Code    22  stm32f1xx_hal_rcc.o(i.HAL_RCC_GetPCLK1Freq)
    HAL_RCC_GetPCLK2Freq                     0x080027b1   Thumb Code    22  stm32f1xx_hal_rcc.o(i.HAL_RCC_GetPCLK2Freq)
    HAL_RCC_GetSysClockFreq                  0x080027d1   Thumb Code   116  stm32f1xx_hal_rcc.o(i.HAL_RCC_GetSysClockFreq)
    HAL_RCC_OscConfig                        0x08002865   Thumb Code  1114  stm32f1xx_hal_rcc.o(i.HAL_RCC_OscConfig)
    HAL_TIMEx_BreakCallback                  0x08002cc9   Thumb Code     2  stm32f1xx_hal_tim_ex.o(i.HAL_TIMEx_BreakCallback)
    HAL_TIMEx_CommutCallback                 0x08002ccb   Thumb Code     2  stm32f1xx_hal_tim_ex.o(i.HAL_TIMEx_CommutCallback)
    HAL_TIMEx_MasterConfigSynchronization    0x08002ccd   Thumb Code    84  stm32f1xx_hal_tim_ex.o(i.HAL_TIMEx_MasterConfigSynchronization)
    HAL_TIM_Base_Init                        0x08002d21   Thumb Code    52  stm32f1xx_hal_tim.o(i.HAL_TIM_Base_Init)
    HAL_TIM_Base_MspInit                     0x08002d55   Thumb Code    96  tim.o(i.HAL_TIM_Base_MspInit)
    HAL_TIM_Base_Start_IT                    0x08002dbd   Thumb Code    42  stm32f1xx_hal_tim.o(i.HAL_TIM_Base_Start_IT)
    HAL_TIM_ConfigClockSource                0x08002de7   Thumb Code   264  stm32f1xx_hal_tim.o(i.HAL_TIM_ConfigClockSource)
    HAL_TIM_IC_CaptureCallback               0x08002eef   Thumb Code     2  stm32f1xx_hal_tim.o(i.HAL_TIM_IC_CaptureCallback)
    HAL_TIM_IRQHandler                       0x08002ef1   Thumb Code   406  stm32f1xx_hal_tim.o(i.HAL_TIM_IRQHandler)
    HAL_TIM_OC_DelayElapsedCallback          0x08003087   Thumb Code     2  stm32f1xx_hal_tim.o(i.HAL_TIM_OC_DelayElapsedCallback)
    HAL_TIM_PWM_PulseFinishedCallback        0x08003089   Thumb Code     2  stm32f1xx_hal_tim.o(i.HAL_TIM_PWM_PulseFinishedCallback)
    HAL_TIM_PeriodElapsedCallback            0x0800308d   Thumb Code    38  main.o(i.HAL_TIM_PeriodElapsedCallback)
    HAL_TIM_TriggerCallback                  0x080030c1   Thumb Code     2  stm32f1xx_hal_tim.o(i.HAL_TIM_TriggerCallback)
    HAL_UART_Init                            0x080030c3   Thumb Code   114  stm32f1xx_hal_uart.o(i.HAL_UART_Init)
    HAL_UART_MspInit                         0x08003135   Thumb Code   192  usart.o(i.HAL_UART_MspInit)
    HardFault_Handler                        0x08003209   Thumb Code     4  stm32f1xx_it.o(i.HardFault_Handler)
    I2C_Bus_Init                             0x0800320d   Thumb Code    18  soft_i2c.o(i.I2C_Bus_Init)
    Internal_Flash_Read_Bytes                0x0800321f   Thumb Code    34  internal_flash.o(i.Internal_Flash_Read_Bytes)
    Internal_Flash_Read_HalfWord             0x08003241   Thumb Code     6  internal_flash.o(i.Internal_Flash_Read_HalfWord)
    Internal_Flash_Write_Bytes               0x08003249   Thumb Code   244  internal_flash.o(i.Internal_Flash_Write_Bytes)
    MPU_INT_GPIO_Init                        0x08003345   Thumb Code    72  soft_i2c.o(i.MPU_INT_GPIO_Init)
    MX_ADC1_Init                             0x08003399   Thumb Code   172  adc.o(i.MX_ADC1_Init)
    MX_DMA_Init                              0x0800344d   Thumb Code    64  dma.o(i.MX_DMA_Init)
    MX_FREERTOS_Init                         0x08003491   Thumb Code    64  freertos.o(i.MX_FREERTOS_Init)
    MX_GPIO_Init                             0x080034d9   Thumb Code   160  gpio.o(i.MX_GPIO_Init)
    MX_TIM2_Init                             0x08003581   Thumb Code   104  tim.o(i.MX_TIM2_Init)
    MX_TIM3_Init                             0x080035ed   Thumb Code   100  tim.o(i.MX_TIM3_Init)
    MX_USART1_UART_Init                      0x08003659   Thumb Code    46  usart.o(i.MX_USART1_UART_Init)
    MemManage_Handler                        0x08003691   Thumb Code     4  stm32f1xx_it.o(i.MemManage_Handler)
    NMI_Handler                              0x08003695   Thumb Code     2  stm32f1xx_it.o(i.NMI_Handler)
    NotifyAsyncIoFinished                    0x08003697   Thumb Code    20  misc.o(i.NotifyAsyncIoFinished)
    Sensors_I2C_ReadRegister                 0x080036d5   Thumb Code    76  soft_i2c.o(i.Sensors_I2C_ReadRegister)
    Sensors_I2C_WriteRegister                0x08003721   Thumb Code    76  soft_i2c.o(i.Sensors_I2C_WriteRegister)
    SerialDatagramEvtAlloc                   0x0800376d   Thumb Code    32  thread_of_host_connect.o(i.SerialDatagramEvtAlloc)
    SerialDatagramEvtSend                    0x08003791   Thumb Code    26  thread_of_host_connect.o(i.SerialDatagramEvtSend)
    SetUserSignal                            0x080037b1   Thumb Code    18  misc.o(i.SetUserSignal)
    Set_I2C_Retry                            0x080037c5   Thumb Code     6  soft_i2c.o(i.Set_I2C_Retry)
    Soft_I2C_Wait_Ack                        0x08003b65   Thumb Code    80  soft_i2c.o(i.Soft_I2C_Wait_Ack)
    StartDefaultTask                         0x08003bb9   Thumb Code    22  freertos.o(i.StartDefaultTask)
    StartUartRx                              0x08003bd5   Thumb Code    72  uart-api.o(i.StartUartRx)
    StartUartTx                              0x08003c21   Thumb Code    56  uart-api.o(i.StartUartTx)
    Start_MPL_task                           0x08003c5d   Thumb Code   588  mpl_task.o(i.Start_MPL_task)
    SysTick_Handler                          0x08003f29   Thumb Code    46  port.o(i.SysTick_Handler)
    SystemClock_Config                       0x08003f5d   Thumb Code   132  main.o(i.SystemClock_Config)
    SystemInit                               0x08003fe1   Thumb Code    70  system_stm32f1xx.o(i.SystemInit)
    TIM1_UP_IRQHandler                       0x08004039   Thumb Code    10  stm32f1xx_it.o(i.TIM1_UP_IRQHandler)
    TIM2_IRQHandler                          0x08004049   Thumb Code    10  stm32f1xx_it.o(i.TIM2_IRQHandler)
    TIM_Base_SetConfig                       0x08004059   Thumb Code   104  stm32f1xx_hal_tim.o(i.TIM_Base_SetConfig)
    TIM_ETR_SetConfig                        0x080040cd   Thumb Code    22  stm32f1xx_hal_tim.o(i.TIM_ETR_SetConfig)
    USART1_IRQHandler                        0x080043e9   Thumb Code     6  uart-api.o(i.USART1_IRQHandler)
    USART2_IRQHandler                        0x080043f5   Thumb Code     6  uart-api.o(i.USART2_IRQHandler)
    UsageFault_Handler                       0x08004401   Thumb Code     4  stm32f1xx_it.o(i.UsageFault_Handler)
    __0sprintf$8                             0x08004405   Thumb Code    34  printf8.o(i.__0sprintf$8)
    __1sprintf$8                             0x08004405   Thumb Code     0  printf8.o(i.__0sprintf$8)
    __2sprintf                               0x08004405   Thumb Code     0  printf8.o(i.__0sprintf$8)
    __ARM_fpclassifyf                        0x0800442d   Thumb Code    38  fpclassifyf.o(i.__ARM_fpclassifyf)
    __mathlib_flt_infnan2                    0x0800448d   Thumb Code     4  funder.o(i.__mathlib_flt_infnan2)
    __mathlib_flt_underflow                  0x08004491   Thumb Code    10  funder.o(i.__mathlib_flt_underflow)
    __scatterload_copy                       0x0800449b   Thumb Code    14  handlers.o(i.__scatterload_copy)
    __scatterload_null                       0x080044a9   Thumb Code     2  handlers.o(i.__scatterload_null)
    __scatterload_zeroinit                   0x080044ab   Thumb Code    14  handlers.o(i.__scatterload_zeroinit)
    __set_errno                              0x080044b9   Thumb Code     6  errno.o(i.__set_errno)
    atan2f                                   0x080049f1   Thumb Code   528  atan2f.o(i.atan2f)
    dmp_enable_6x_lp_quat                    0x08004cb1   Thumb Code    60  inv_mpu_dmp_motion_driver.o(i.dmp_enable_6x_lp_quat)
    dmp_enable_feature                       0x08004ced   Thumb Code   530  inv_mpu_dmp_motion_driver.o(i.dmp_enable_feature)
    dmp_enable_gyro_cal                      0x08004f09   Thumb Code    62  inv_mpu_dmp_motion_driver.o(i.dmp_enable_gyro_cal)
    dmp_enable_lp_quat                       0x08004f61   Thumb Code    60  inv_mpu_dmp_motion_driver.o(i.dmp_enable_lp_quat)
    dmp_load_motion_driver_firmware          0x08004f9d   Thumb Code    20  inv_mpu_dmp_motion_driver.o(i.dmp_load_motion_driver_firmware)
    dmp_read_fifo                            0x08004fb5   Thumb Code   456  inv_mpu_dmp_motion_driver.o(i.dmp_read_fifo)
    dmp_set_fifo_rate                        0x08005181   Thumb Code    96  inv_mpu_dmp_motion_driver.o(i.dmp_set_fifo_rate)
    dmp_set_orientation                      0x080051f1   Thumb Code   290  inv_mpu_dmp_motion_driver.o(i.dmp_set_orientation)
    dmp_set_shake_reject_thresh              0x08005329   Thumb Code    56  inv_mpu_dmp_motion_driver.o(i.dmp_set_shake_reject_thresh)
    dmp_set_shake_reject_time                0x08005361   Thumb Code    38  inv_mpu_dmp_motion_driver.o(i.dmp_set_shake_reject_time)
    dmp_set_shake_reject_timeout             0x08005387   Thumb Code    38  inv_mpu_dmp_motion_driver.o(i.dmp_set_shake_reject_timeout)
    dmp_set_tap_axes                         0x080053ad   Thumb Code    70  inv_mpu_dmp_motion_driver.o(i.dmp_set_tap_axes)
    dmp_set_tap_count                        0x080053f3   Thumb Code    38  inv_mpu_dmp_motion_driver.o(i.dmp_set_tap_count)
    dmp_set_tap_thresh                       0x08005419   Thumb Code   396  inv_mpu_dmp_motion_driver.o(i.dmp_set_tap_thresh)
    dmp_set_tap_time                         0x080055b9   Thumb Code    38  inv_mpu_dmp_motion_driver.o(i.dmp_set_tap_time)
    dmp_set_tap_time_multi                   0x080055df   Thumb Code    38  inv_mpu_dmp_motion_driver.o(i.dmp_set_tap_time_multi)
    get_raw_datagram_from_serial             0x080056b9   Thumb Code   190  thread_of_host_connect.o(i.get_raw_datagram_from_serial)
    get_tick_count                           0x08005bed   Thumb Code    14  soft_i2c.o(i.get_tick_count)
    glove_calibration_check                  0x08005bfd   Thumb Code   282  thread_of_sensor_calibration.o(i.glove_calibration_check)
    glove_calibration_process                0x08005d29   Thumb Code   132  thread_of_sensor_calibration.o(i.glove_calibration_process)
    gyro_data_ready_cb                       0x08005dbd   Thumb Code     8  mpl_task.o(i.gyro_data_ready_cb)
    host_uart_datagram_send                  0x08005ef5   Thumb Code   120  thread_of_host_connect.o(i.host_uart_datagram_send)
    init_MPL_task                            0x08005f8d   Thumb Code    30  mpl_task.o(i.init_MPL_task)
    init_thread_of_host_uart_rx              0x08005fb5   Thumb Code    42  thread_of_host_connect.o(i.init_thread_of_host_uart_rx)
    init_thread_of_host_uart_tx              0x08005ff1   Thumb Code    42  thread_of_host_connect.o(i.init_thread_of_host_uart_tx)
    init_thread_of_sensor_calibration        0x0800602d   Thumb Code    30  thread_of_sensor_calibration.o(i.init_thread_of_sensor_calibration)
    inv_get_sensor_type_euler                0x08006055   Thumb Code   492  mpl_task.o(i.inv_get_sensor_type_euler)
    inv_q29_mult                             0x08006255   Thumb Code    18  mpl_task.o(i.inv_q29_mult)
    main                                     0x080062b5   Thumb Code    68  main.o(i.main)
    mdelay                                   0x0800630f   Thumb Code    12  soft_i2c.o(i.mdelay)
    mpu_configure_fifo                       0x0800631d   Thumb Code   106  inv_mpu.o(i.mpu_configure_fifo)
    mpu_get_accel_fsr                        0x0800638d   Thumb Code    72  inv_mpu.o(i.mpu_get_accel_fsr)
    mpu_get_fifo_config                      0x080063d9   Thumb Code    12  inv_mpu.o(i.mpu_get_fifo_config)
    mpu_get_gyro_fsr                         0x080063e9   Thumb Code    64  inv_mpu.o(i.mpu_get_gyro_fsr)
    mpu_get_lpf                              0x0800642d   Thumb Code    74  inv_mpu.o(i.mpu_get_lpf)
    mpu_get_sample_rate                      0x0800647d   Thumb Code    26  inv_mpu.o(i.mpu_get_sample_rate)
    mpu_init                                 0x0800649d   Thumb Code   248  inv_mpu.o(i.mpu_init)
    mpu_load_firmware                        0x08006599   Thumb Code   180  inv_mpu.o(i.mpu_load_firmware)
    mpu_lp_accel_mode                        0x08006651   Thumb Code   218  inv_mpu.o(i.mpu_lp_accel_mode)
    mpu_read_6050_accel_bias                 0x08006731   Thumb Code   124  inv_mpu.o(i.mpu_read_6050_accel_bias)
    mpu_read_fifo_stream                     0x080067b1   Thumb Code   186  inv_mpu.o(i.mpu_read_fifo_stream)
    mpu_read_mem                             0x08006871   Thumb Code   122  inv_mpu.o(i.mpu_read_mem)
    mpu_reset_fifo                           0x080068f1   Thumb Code   450  inv_mpu.o(i.mpu_reset_fifo)
    mpu_run_self_test                        0x08006ab9   Thumb Code   282  inv_mpu.o(i.mpu_run_self_test)
    mpu_set_accel_bias_6050_reg              0x08006bd9   Thumb Code   196  inv_mpu.o(i.mpu_set_accel_bias_6050_reg)
    mpu_set_accel_fsr                        0x08006ca1   Thumb Code   126  inv_mpu.o(i.mpu_set_accel_fsr)
    mpu_set_bypass                           0x08006d25   Thumb Code   328  inv_mpu.o(i.mpu_set_bypass)
    mpu_set_dmp_state                        0x08006e71   Thumb Code   138  inv_mpu.o(i.mpu_set_dmp_state)
    mpu_set_gyro_bias_reg                    0x08006f01   Thumb Code   152  inv_mpu.o(i.mpu_set_gyro_bias_reg)
    mpu_set_gyro_fsr                         0x08006f9d   Thumb Code   132  inv_mpu.o(i.mpu_set_gyro_fsr)
    mpu_set_int_latched                      0x08007025   Thumb Code   102  inv_mpu.o(i.mpu_set_int_latched)
    mpu_set_lpf                              0x08007091   Thumb Code   126  inv_mpu.o(i.mpu_set_lpf)
    mpu_set_sample_rate                      0x08007115   Thumb Code   152  inv_mpu.o(i.mpu_set_sample_rate)
    mpu_set_sensors                          0x080071b1   Thumb Code   202  inv_mpu.o(i.mpu_set_sensors)
    mpu_write_mem                            0x08007281   Thumb Code   122  inv_mpu.o(i.mpu_write_mem)
    osDelay                                  0x08007301   Thumb Code    24  cmsis_os.o(i.osDelay)
    osKernelStart                            0x08007319   Thumb Code    10  cmsis_os.o(i.osKernelStart)
    osMailAlloc                              0x08007323   Thumb Code    24  cmsis_os.o(i.osMailAlloc)
    osMailCreate                             0x0800733b   Thumb Code   122  cmsis_os.o(i.osMailCreate)
    osMailFree                               0x080073b5   Thumb Code    22  cmsis_os.o(i.osMailFree)
    osMailGet                                0x080073cd   Thumb Code   146  cmsis_os.o(i.osMailGet)
    osMailPut                                0x08007465   Thumb Code    90  cmsis_os.o(i.osMailPut)
    osPoolAlloc                              0x080074c5   Thumb Code   124  cmsis_os.o(i.osPoolAlloc)
    osPoolCreate                             0x08007541   Thumb Code   112  cmsis_os.o(i.osPoolCreate)
    osPoolFree                               0x080075b1   Thumb Code    74  cmsis_os.o(i.osPoolFree)
    osSignalSet                              0x080075fd   Thumb Code    92  cmsis_os.o(i.osSignalSet)
    osSignalWait                             0x0800765d   Thumb Code    98  cmsis_os.o(i.osSignalWait)
    osThreadCreate                           0x080076bf   Thumb Code    94  cmsis_os.o(i.osThreadCreate)
    osThreadGetId                            0x0800771d   Thumb Code     8  cmsis_os.o(i.osThreadGetId)
    osTimerCreate                            0x08007725   Thumb Code    72  cmsis_os.o(i.osTimerCreate)
    osTimerStart                             0x08007771   Thumb Code   100  cmsis_os.o(i.osTimerStart)
    pvPortMalloc                             0x080081d1   Thumb Code   296  heap_4.o(i.pvPortMalloc)
    pxPortInitialiseStack                    0x0800830d   Thumb Code    30  port.o(i.pxPortInitialiseStack)
    send_raw_datagram_to_serial              0x080083bd   Thumb Code    62  thread_of_host_connect.o(i.send_raw_datagram_to_serial)
    send_software_version_to_host            0x08008401   Thumb Code    50  thread_of_sensor_calibration.o(i.send_software_version_to_host)
    sqrtf                                    0x0800852d   Thumb Code    44  sqrtf.o(i.sqrtf)
    thread_of_host_uart_rx                   0x08008559   Thumb Code   146  thread_of_host_connect.o(i.thread_of_host_uart_rx)
    thread_of_host_uart_tx                   0x08008601   Thumb Code    54  thread_of_host_connect.o(i.thread_of_host_uart_tx)
    thread_of_sensor_calibration             0x0800863d   Thumb Code  1144  thread_of_sensor_calibration.o(i.thread_of_sensor_calibration)
    uxListRemove                             0x08008abd   Thumb Code    40  list.o(i.uxListRemove)
    vApplicationGetIdleTaskMemory            0x08008ae5   Thumb Code    14  freertos.o(i.vApplicationGetIdleTaskMemory)
    vApplicationGetTimerTaskMemory           0x08008afd   Thumb Code    14  freertos.o(i.vApplicationGetTimerTaskMemory)
    vListInitialise                          0x08008b15   Thumb Code    26  list.o(i.vListInitialise)
    vListInitialiseItem                      0x08008b2f   Thumb Code     6  list.o(i.vListInitialiseItem)
    vListInsert                              0x08008b35   Thumb Code    52  list.o(i.vListInsert)
    vListInsertEnd                           0x08008b69   Thumb Code    24  list.o(i.vListInsertEnd)
    vPortEnterCritical                       0x08008b81   Thumb Code    76  port.o(i.vPortEnterCritical)
    vPortExitCritical                        0x08008bd5   Thumb Code    56  port.o(i.vPortExitCritical)
    vPortFree                                0x08008c11   Thumb Code   140  heap_4.o(i.vPortFree)
    vPortSetupTimerInterrupt                 0x08008ca5   Thumb Code    36  port.o(i.vPortSetupTimerInterrupt)
    vPortValidateInterruptPriority           0x08008ccd   Thumb Code   106  port.o(i.vPortValidateInterruptPriority)
    vQueueAddToRegistry                      0x08008d45   Thumb Code    38  queue.o(i.vQueueAddToRegistry)
    vQueueWaitForMessageRestricted           0x08008d71   Thumb Code    74  queue.o(i.vQueueWaitForMessageRestricted)
    vTaskDelay                               0x08008dbd   Thumb Code    82  tasks.o(i.vTaskDelay)
    vTaskInternalSetTimeOutState             0x08008e19   Thumb Code    14  tasks.o(i.vTaskInternalSetTimeOutState)
    vTaskMissedYield                         0x08008e31   Thumb Code     8  tasks.o(i.vTaskMissedYield)
    vTaskPlaceOnEventList                    0x08008e3d   Thumb Code    52  tasks.o(i.vTaskPlaceOnEventList)
    vTaskPlaceOnEventListRestricted          0x08008e75   Thumb Code    60  tasks.o(i.vTaskPlaceOnEventListRestricted)
    vTaskStartScheduler                      0x08008eb5   Thumb Code   156  tasks.o(i.vTaskStartScheduler)
    vTaskSuspendAll                          0x08008f6d   Thumb Code    12  tasks.o(i.vTaskSuspendAll)
    vTaskSwitchContext                       0x08008f7d   Thumb Code   118  tasks.o(i.vTaskSwitchContext)
    xPortStartScheduler                      0x08009009   Thumb Code   228  port.o(i.xPortStartScheduler)
    xQueueGenericCreate                      0x08009101   Thumb Code    94  queue.o(i.xQueueGenericCreate)
    xQueueGenericCreateStatic                0x0800915f   Thumb Code   222  queue.o(i.xQueueGenericCreateStatic)
    xQueueGenericReset                       0x0800923d   Thumb Code   146  queue.o(i.xQueueGenericReset)
    xQueueGenericSend                        0x080092d5   Thumb Code   420  queue.o(i.xQueueGenericSend)
    xQueueGenericSendFromISR                 0x0800947d   Thumb Code   248  queue.o(i.xQueueGenericSendFromISR)
    xQueueReceive                            0x08009575   Thumb Code   356  queue.o(i.xQueueReceive)
    xQueueReceiveFromISR                     0x080096dd   Thumb Code   202  queue.o(i.xQueueReceiveFromISR)
    xTaskCheckForTimeOut                     0x080097a9   Thumb Code   132  tasks.o(i.xTaskCheckForTimeOut)
    xTaskCreate                              0x08009835   Thumb Code   100  tasks.o(i.xTaskCreate)
    xTaskCreateStatic                        0x08009899   Thumb Code   184  tasks.o(i.xTaskCreateStatic)
    xTaskGenericNotify                       0x08009951   Thumb Code   242  tasks.o(i.xTaskGenericNotify)
    xTaskGenericNotifyFromISR                0x08009a55   Thumb Code   298  tasks.o(i.xTaskGenericNotifyFromISR)
    xTaskGetCurrentTaskHandle                0x08009b99   Thumb Code     6  tasks.o(i.xTaskGetCurrentTaskHandle)
    xTaskGetSchedulerState                   0x08009ba5   Thumb Code    24  tasks.o(i.xTaskGetSchedulerState)
    xTaskGetTickCount                        0x08009bc5   Thumb Code     6  tasks.o(i.xTaskGetTickCount)
    xTaskIncrementTick                       0x08009bd1   Thumb Code   282  tasks.o(i.xTaskIncrementTick)
    xTaskNotifyWait                          0x08009d19   Thumb Code   150  tasks.o(i.xTaskNotifyWait)
    xTaskPriorityDisinherit                  0x08009db9   Thumb Code   188  tasks.o(i.xTaskPriorityDisinherit)
    xTaskRemoveFromEventList                 0x08009e81   Thumb Code   128  tasks.o(i.xTaskRemoveFromEventList)
    xTaskResumeAll                           0x08009f19   Thumb Code   224  tasks.o(i.xTaskResumeAll)
    xTimerCreate                             0x0800a01d   Thumb Code    54  timers.o(i.xTimerCreate)
    xTimerCreateStatic                       0x0800a053   Thumb Code   112  timers.o(i.xTimerCreateStatic)
    xTimerCreateTimerTask                    0x0800a0c5   Thumb Code   100  timers.o(i.xTimerCreateTimerTask)
    xTimerGenericCommand                     0x0800a13d   Thumb Code   126  timers.o(i.xTimerGenericCommand)
    reg                                      0x0800add4   Data          30  inv_mpu.o(.constdata)
    hw                                       0x0800adf2   Data          12  inv_mpu.o(.constdata)
    test                                     0x0800ae00   Data          40  inv_mpu.o(.constdata)
    os_mailQ_def_host_uart_tx                0x0800ae54   Data          12  thread_of_host_connect.o(.constdata)
    os_mailQ_def_calibration_cmd             0x0800ae60   Data          12  thread_of_host_connect.o(.constdata)
    os_thread_def_host_uart_tx               0x0800ae74   Data          28  thread_of_host_connect.o(.constdata)
    os_thread_def_host_uart_rx               0x0800ae90   Data          28  thread_of_host_connect.o(.constdata)
    os_thread_def_sensor_calibration         0x0800aeac   Data          28  thread_of_sensor_calibration.o(.constdata)
    AHBPrescTable                            0x0800aee8   Data          16  system_stm32f1xx.o(.constdata)
    APBPrescTable                            0x0800aef8   Data           8  system_stm32f1xx.o(.constdata)
    __ctype_table                            0x0800af00   Data         129  ctype_o.o(.constdata)
    Region$$Table$$Base                      0x0800afd4   Number         0  anon$$obj.o(Region$$Table)
    Region$$Table$$Limit                     0x0800aff4   Number         0  anon$$obj.o(Region$$Table)
    defaultTaskHandle                        0x20000084   Data           4  freertos.o(.data)
    Pitch                                    0x200000b4   Data           4  mpl_task.o(.data)
    Roll                                     0x200000b8   Data           4  mpl_task.o(.data)
    Yaw                                      0x200000bc   Data           4  mpl_task.o(.data)
    pitch_old                                0x200000c0   Data           4  mpl_task.o(.data)
    yaw_old                                  0x200000c4   Data           4  mpl_task.o(.data)
    MPL_TaskHandle                           0x200000d4   Data           4  mpl_task.o(.data)
    os_mailQ_cb_host_uart_tx                 0x200000d8   Data           4  thread_of_host_connect.o(.data)
    os_mailQ_cb_calibration_cmd              0x200000e0   Data           4  thread_of_host_connect.o(.data)
    mail_queue_id_for_cmd_calibration_cmd    0x200000e4   Data           4  thread_of_host_connect.o(.data)
    tid_thread_of_host_uart_tx               0x200000e8   Data           4  thread_of_host_connect.o(.data)
    tid_thread_of_host_uart_rx               0x200000ec   Data           4  thread_of_host_connect.o(.data)
    sensor_calibration_resualt               0x200000f0   Data          20  thread_of_sensor_calibration.o(.data)
    sensor_calibration_defualt               0x20000104   Data          20  thread_of_sensor_calibration.o(.data)
    tid_thread_of_sensor_calibration         0x20000118   Data           4  thread_of_sensor_calibration.o(.data)
    is_calibration                           0x2000011c   Data           1  thread_of_sensor_calibration.o(.data)
    is_glove_calibration                     0x2000011d   Data           1  thread_of_sensor_calibration.o(.data)
    return_resualt                           0x2000011e   Data           1  thread_of_sensor_calibration.o(.data)
    return_mark                              0x20000120   Data           4  thread_of_sensor_calibration.o(.data)
    uwTick                                   0x20000128   Data           4  stm32f1xx_hal.o(.data)
    uwTickPrio                               0x2000012c   Data           4  stm32f1xx_hal.o(.data)
    uwTickFreq                               0x20000130   Data           1  stm32f1xx_hal.o(.data)
    SystemCoreClock                          0x20000134   Data           4  system_stm32f1xx.o(.data)
    pxCurrentTCB                             0x20000138   Data           4  tasks.o(.data)
    ADC_Original_Value                       0x200005b0   Data          10  adc.o(.bss)
    hadc1                                    0x200005bc   Data          48  adc.o(.bss)
    hdma_adc1                                0x200005ec   Data          68  adc.o(.bss)
    htim2                                    0x20000ad8   Data          64  tim.o(.bss)
    htim3                                    0x20000b18   Data          64  tim.o(.bss)
    huart1                                   0x20000b58   Data          64  usart.o(.bss)
    hdma_usart1_rx                           0x20000b98   Data          68  usart.o(.bss)
    htim1                                    0x20000bdc   Data          64  stm32f1xx_hal_timebase_tim.o(.bss)
    ADC_ConvertedValueLocal                  0x20000c38   Data          64  thread_of_sensor_calibration.o(.bss)
    ADC_ConvertedValue                       0x20000c78   Data          10  thread_of_sensor_calibration.o(.bss)
    adc_transformed_resualt                  0x20000c82   Data          10  thread_of_sensor_calibration.o(.bss)
    sensor_calibrantion_register             0x20000c8c   Data          20  thread_of_sensor_calibration.o(.bss)
    pFlash                                   0x20000ca0   Data          32  stm32f1xx_hal_flash.o(.bss)
    xQueueRegistry                           0x20000cc0   Data          64  queue.o(.bss)
    __initial_sp                             0x200035d8   Data           0  startup_stm32f103xb.o(STACK)



==============================================================================

Memory Map of the image

  Image Entry point : 0x080000ed

  Load Region LR_IROM1 (Base: 0x08000000, Size: 0x0000b1a4, Max: 0x00010000, ABSOLUTE, COMPRESSED[0x0000b034])

    Execution Region ER_IROM1 (Exec base: 0x08000000, Load base: 0x08000000, Size: 0x0000aff4, Max: 0x00010000, ABSOLUTE)

    Exec Addr    Load Addr    Size         Type   Attr      Idx    E Section Name        Object

    0x08000000   0x08000000   0x000000ec   Data   RO          345    RESET               startup_stm32f103xb.o
    0x080000ec   0x080000ec   0x00000000   Code   RO         5929  * .ARM.Collect$$$$00000000  mc_w.l(entry.o)
    0x080000ec   0x080000ec   0x00000004   Code   RO         6295    .ARM.Collect$$$$00000001  mc_w.l(entry2.o)
    0x080000f0   0x080000f0   0x00000004   Code   RO         6298    .ARM.Collect$$$$00000004  mc_w.l(entry5.o)
    0x080000f4   0x080000f4   0x00000000   Code   RO         6300    .ARM.Collect$$$$00000008  mc_w.l(entry7b.o)
    0x080000f4   0x080000f4   0x00000000   Code   RO         6302    .ARM.Collect$$$$0000000A  mc_w.l(entry8b.o)
    0x080000f4   0x080000f4   0x00000008   Code   RO         6303    .ARM.Collect$$$$0000000B  mc_w.l(entry9a.o)
    0x080000fc   0x080000fc   0x00000000   Code   RO         6305    .ARM.Collect$$$$0000000D  mc_w.l(entry10a.o)
    0x080000fc   0x080000fc   0x00000000   Code   RO         6307    .ARM.Collect$$$$0000000F  mc_w.l(entry11a.o)
    0x080000fc   0x080000fc   0x00000004   Code   RO         6296    .ARM.Collect$$$$00002712  mc_w.l(entry2.o)
    0x08000100   0x08000100   0x00000096   Code   RO         5836    .emb_text           port.o
    0x08000196   0x08000196   0x00000002   PAD
    0x08000198   0x08000198   0x00000024   Code   RO          346    .text               startup_stm32f103xb.o
    0x080001bc   0x080001bc   0x00000062   Code   RO         5932    .text               mc_w.l(ldiv.o)
    0x0800021e   0x0800021e   0x00000020   Code   RO         5934    .text               mc_w.l(llushr.o)
    0x0800023e   0x0800023e   0x00000002   PAD
    0x08000240   0x08000240   0x00000008   Code   RO         5936    .text               mc_w.l(ctype_o.o)
    0x08000248   0x08000248   0x00000012   Code   RO         5958    .text               mc_w.l(isspace_o.o)
    0x0800025a   0x0800025a   0x00000024   Code   RO         5964    .text               mc_w.l(memcpya.o)
    0x0800027e   0x0800027e   0x00000024   Code   RO         5968    .text               mc_w.l(memseta.o)
    0x080002a2   0x080002a2   0x00000014   Code   RO         5970    .text               mc_w.l(memchr.o)
    0x080002b6   0x080002b6   0x0000001a   Code   RO         5972    .text               mc_w.l(memcmp.o)
    0x080002d0   0x080002d0   0x00000038   Code   RO         6237    .text               mc_w.l(__0sscanf.o)
    0x08000308   0x08000308   0x0000014c   Code   RO         6239    .text               mc_w.l(_scanf_int.o)
    0x08000454   0x08000454   0x000000b0   Code   RO         6241    .text               mf_w.l(fadd.o)
    0x08000504   0x08000504   0x00000064   Code   RO         6243    .text               mf_w.l(fmul.o)
    0x08000568   0x08000568   0x0000007c   Code   RO         6245    .text               mf_w.l(fdiv.o)
    0x080005e4   0x080005e4   0x0000014e   Code   RO         6247    .text               mf_w.l(dadd.o)
    0x08000732   0x08000732   0x000000e4   Code   RO         6249    .text               mf_w.l(dmul.o)
    0x08000816   0x08000816   0x000000de   Code   RO         6251    .text               mf_w.l(ddiv.o)
    0x080008f4   0x080008f4   0x00000012   Code   RO         6253    .text               mf_w.l(fflti.o)
    0x08000906   0x08000906   0x0000000a   Code   RO         6255    .text               mf_w.l(ffltui.o)
    0x08000910   0x08000910   0x00000022   Code   RO         6257    .text               mf_w.l(dflti.o)
    0x08000932   0x08000932   0x0000001a   Code   RO         6259    .text               mf_w.l(dfltui.o)
    0x0800094c   0x0800094c   0x00000032   Code   RO         6261    .text               mf_w.l(ffixi.o)
    0x0800097e   0x0800097e   0x00000028   Code   RO         6263    .text               mf_w.l(ffixui.o)
    0x080009a6   0x080009a6   0x00000032   Code   RO         6265    .text               mf_w.l(dfixui.o)
    0x080009d8   0x080009d8   0x00000026   Code   RO         6267    .text               mf_w.l(f2d.o)
    0x080009fe   0x080009fe   0x00000002   PAD
    0x08000a00   0x08000a00   0x00000030   Code   RO         6269    .text               mf_w.l(cdcmple.o)
    0x08000a30   0x08000a30   0x00000030   Code   RO         6271    .text               mf_w.l(cdrcmple.o)
    0x08000a60   0x08000a60   0x00000038   Code   RO         6273    .text               mf_w.l(d2f.o)
    0x08000a98   0x08000a98   0x00000014   Code   RO         6275    .text               mf_w.l(cfcmple.o)
    0x08000aac   0x08000aac   0x00000014   Code   RO         6277    .text               mf_w.l(cfrcmple.o)
    0x08000ac0   0x08000ac0   0x00000062   Code   RO         6314    .text               mc_w.l(uldiv.o)
    0x08000b22   0x08000b22   0x0000001e   Code   RO         6316    .text               mc_w.l(llshl.o)
    0x08000b40   0x08000b40   0x00000024   Code   RO         6318    .text               mc_w.l(llsshr.o)
    0x08000b64   0x08000b64   0x0000001c   Code   RO         6327    .text               mc_w.l(_chval.o)
    0x08000b80   0x08000b80   0x00000028   Code   RO         6329    .text               mc_w.l(scanf_char.o)
    0x08000ba8   0x08000ba8   0x00000040   Code   RO         6331    .text               mc_w.l(_sgetc.o)
    0x08000be8   0x08000be8   0x00000000   Code   RO         6333    .text               mc_w.l(iusefp.o)
    0x08000be8   0x08000be8   0x0000006e   Code   RO         6334    .text               mf_w.l(fepilogue.o)
    0x08000c56   0x08000c56   0x0000005e   Code   RO         6336    .text               mf_w.l(fsqrt.o)
    0x08000cb4   0x08000cb4   0x000000ba   Code   RO         6338    .text               mf_w.l(depilogue.o)
    0x08000d6e   0x08000d6e   0x00000002   PAD
    0x08000d70   0x08000d70   0x00000024   Code   RO         6342    .text               mc_w.l(init.o)
    0x08000d94   0x08000d94   0x0000032c   Code   RO         6347    .text               mc_w.l(_scanf.o)
    0x080010c0   0x080010c0   0x00000018   Code   RO         6350    .text               mf_w.l(fscalb.o)
    0x080010d8   0x080010d8   0x00000056   Code   RO         6363    .text               mc_w.l(__dczerorl2.o)
    0x0800112e   0x0800112e   0x00000002   PAD
    0x08001130   0x08001130   0x00000010   Code   RO          699    i.ADC1_2_IRQHandler  stm32f1xx_it.o
    0x08001140   0x08001140   0x00000052   Code   RO         1932    i.ADC_ConversionStop_Disable  stm32f1xx_hal_adc.o
    0x08001192   0x08001192   0x00000052   Code   RO         1933    i.ADC_DMAConvCplt   stm32f1xx_hal_adc.o
    0x080011e4   0x080011e4   0x0000001e   Code   RO         1934    i.ADC_DMAError      stm32f1xx_hal_adc.o
    0x08001202   0x08001202   0x0000000e   Code   RO         1935    i.ADC_DMAHalfConvCplt  stm32f1xx_hal_adc.o
    0x08001210   0x08001210   0x00000084   Code   RO         1936    i.ADC_Enable        stm32f1xx_hal_adc.o
    0x08001294   0x08001294   0x00000004   Code   RO          700    i.BusFault_Handler  stm32f1xx_it.o
    0x08001298   0x08001298   0x00000010   Code   RO          701    i.DMA1_Channel1_IRQHandler  stm32f1xx_it.o
    0x080012a8   0x080012a8   0x00000010   Code   RO          702    i.DMA1_Channel5_IRQHandler  stm32f1xx_it.o
    0x080012b8   0x080012b8   0x0000002c   Code   RO         2591    i.DMA_SetConfig     stm32f1xx_hal_dma.o
    0x080012e4   0x080012e4   0x00000002   Code   RO          703    i.DebugMon_Handler  stm32f1xx_it.o
    0x080012e6   0x080012e6   0x0000000c   Code   RO         1672    i.EXTI15_10_IRQHandler  soft_i2c.o
    0x080012f2   0x080012f2   0x00000004   Code   RO          353    i.Error_Handler     main.o
    0x080012f6   0x080012f6   0x00000002   PAD
    0x080012f8   0x080012f8   0x00000028   Code   RO         3036    i.FLASH_MassErase   stm32f1xx_hal_flash_ex.o
    0x08001320   0x08001320   0x00000028   Code   RO         3045    i.FLASH_PageErase   stm32f1xx_hal_flash_ex.o
    0x08001348   0x08001348   0x00000020   Code   RO         2933    i.FLASH_Program_HalfWord  stm32f1xx_hal_flash.o
    0x08001368   0x08001368   0x00000084   Code   RO         2934    i.FLASH_SetErrorCode  stm32f1xx_hal_flash.o
    0x080013ec   0x080013ec   0x00000070   Code   RO         2935    i.FLASH_WaitForLastOperation  stm32f1xx_hal_flash.o
    0x0800145c   0x0800145c   0x0000002c   Code   RO          296    i.Flash_Write_NoCheck  internal_flash.o
    0x08001488   0x08001488   0x0000000c   Code   RO         1673    i.Get_I2C_Retry     soft_i2c.o
    0x08001494   0x08001494   0x00000002   Code   RO         2114    i.HAL_ADCEx_InjectedConvCpltCallback  stm32f1xx_hal_adc_ex.o
    0x08001496   0x08001496   0x00000002   PAD
    0x08001498   0x08001498   0x00000160   Code   RO         1938    i.HAL_ADC_ConfigChannel  stm32f1xx_hal_adc.o
    0x080015f8   0x080015f8   0x00000002   Code   RO         1939    i.HAL_ADC_ConvCpltCallback  stm32f1xx_hal_adc.o
    0x080015fa   0x080015fa   0x00000002   Code   RO         1940    i.HAL_ADC_ConvHalfCpltCallback  stm32f1xx_hal_adc.o
    0x080015fc   0x080015fc   0x00000002   Code   RO         1942    i.HAL_ADC_ErrorCallback  stm32f1xx_hal_adc.o
    0x080015fe   0x080015fe   0x00000122   Code   RO         1946    i.HAL_ADC_IRQHandler  stm32f1xx_hal_adc.o
    0x08001720   0x08001720   0x00000144   Code   RO         1947    i.HAL_ADC_Init      stm32f1xx_hal_adc.o
    0x08001864   0x08001864   0x00000002   Code   RO         1948    i.HAL_ADC_LevelOutOfWindowCallback  stm32f1xx_hal_adc.o
    0x08001866   0x08001866   0x00000002   PAD
    0x08001868   0x08001868   0x000000c0   Code   RO          444    i.HAL_ADC_MspInit   adc.o
    0x08001928   0x08001928   0x00000180   Code   RO         1954    i.HAL_ADC_Start_DMA  stm32f1xx_hal_adc.o
    0x08001aa8   0x08001aa8   0x0000019c   Code   RO         2597    i.HAL_DMA_IRQHandler  stm32f1xx_hal_dma.o
    0x08001c44   0x08001c44   0x00000068   Code   RO         2598    i.HAL_DMA_Init      stm32f1xx_hal_dma.o
    0x08001cac   0x08001cac   0x0000009c   Code   RO         2602    i.HAL_DMA_Start_IT  stm32f1xx_hal_dma.o
    0x08001d48   0x08001d48   0x00000028   Code   RO         2215    i.HAL_Delay         stm32f1xx_hal.o
    0x08001d70   0x08001d70   0x000000b0   Code   RO         3046    i.HAL_FLASHEx_Erase  stm32f1xx_hal_flash_ex.o
    0x08001e20   0x08001e20   0x00000014   Code   RO         2939    i.HAL_FLASH_Lock    stm32f1xx_hal_flash.o
    0x08001e34   0x08001e34   0x000000b0   Code   RO         2944    i.HAL_FLASH_Program  stm32f1xx_hal_flash.o
    0x08001ee4   0x08001ee4   0x00000030   Code   RO         2946    i.HAL_FLASH_Unlock  stm32f1xx_hal_flash.o
    0x08001f14   0x08001f14   0x00000010   Code   RO         1383    i.HAL_GPIO_EXTI_Callback  mpl_task.o
    0x08001f24   0x08001f24   0x0000001c   Code   RO         2527    i.HAL_GPIO_EXTI_IRQHandler  stm32f1xx_hal_gpio.o
    0x08001f40   0x08001f40   0x00000320   Code   RO         2528    i.HAL_GPIO_Init     stm32f1xx_hal_gpio.o
    0x08002260   0x08002260   0x00000010   Code   RO         2530    i.HAL_GPIO_ReadPin  stm32f1xx_hal_gpio.o
    0x08002270   0x08002270   0x0000000e   Code   RO         2531    i.HAL_GPIO_TogglePin  stm32f1xx_hal_gpio.o
    0x0800227e   0x0800227e   0x0000000c   Code   RO         2532    i.HAL_GPIO_WritePin  stm32f1xx_hal_gpio.o
    0x0800228a   0x0800228a   0x00000002   PAD
    0x0800228c   0x0800228c   0x0000000c   Code   RO         2219    i.HAL_GetTick       stm32f1xx_hal.o
    0x08002298   0x08002298   0x00000018   Code   RO         2225    i.HAL_IncTick       stm32f1xx_hal.o
    0x080022b0   0x080022b0   0x00000028   Code   RO         2226    i.HAL_Init          stm32f1xx_hal.o
    0x080022d8   0x080022d8   0x00000088   Code   RO          817    i.HAL_InitTick      stm32f1xx_hal_timebase_tim.o
    0x08002360   0x08002360   0x00000060   Code   RO          793    i.HAL_MspInit       stm32f1xx_hal_msp.o
    0x080023c0   0x080023c0   0x00000020   Code   RO         2688    i.HAL_NVIC_EnableIRQ  stm32f1xx_hal_cortex.o
    0x080023e0   0x080023e0   0x0000007c   Code   RO         2694    i.HAL_NVIC_SetPriority  stm32f1xx_hal_cortex.o
    0x0800245c   0x0800245c   0x00000028   Code   RO         2695    i.HAL_NVIC_SetPriorityGrouping  stm32f1xx_hal_cortex.o
    0x08002484   0x08002484   0x00000130   Code   RO         2491    i.HAL_RCCEx_PeriphCLKConfig  stm32f1xx_hal_rcc_ex.o
    0x080025b4   0x080025b4   0x0000018c   Code   RO         2383    i.HAL_RCC_ClockConfig  stm32f1xx_hal_rcc.o
    0x08002740   0x08002740   0x00000044   Code   RO         2387    i.HAL_RCC_GetClockConfig  stm32f1xx_hal_rcc.o
    0x08002784   0x08002784   0x0000000c   Code   RO         2388    i.HAL_RCC_GetHCLKFreq  stm32f1xx_hal_rcc.o
    0x08002790   0x08002790   0x00000020   Code   RO         2390    i.HAL_RCC_GetPCLK1Freq  stm32f1xx_hal_rcc.o
    0x080027b0   0x080027b0   0x00000020   Code   RO         2391    i.HAL_RCC_GetPCLK2Freq  stm32f1xx_hal_rcc.o
    0x080027d0   0x080027d0   0x00000094   Code   RO         2392    i.HAL_RCC_GetSysClockFreq  stm32f1xx_hal_rcc.o
    0x08002864   0x08002864   0x00000464   Code   RO         2395    i.HAL_RCC_OscConfig  stm32f1xx_hal_rcc.o
    0x08002cc8   0x08002cc8   0x00000002   Code   RO         3902    i.HAL_TIMEx_BreakCallback  stm32f1xx_hal_tim_ex.o
    0x08002cca   0x08002cca   0x00000002   Code   RO         3903    i.HAL_TIMEx_CommutCallback  stm32f1xx_hal_tim_ex.o
    0x08002ccc   0x08002ccc   0x00000054   Code   RO         3920    i.HAL_TIMEx_MasterConfigSynchronization  stm32f1xx_hal_tim_ex.o
    0x08002d20   0x08002d20   0x00000034   Code   RO         3216    i.HAL_TIM_Base_Init  stm32f1xx_hal_tim.o
    0x08002d54   0x08002d54   0x00000068   Code   RO          604    i.HAL_TIM_Base_MspInit  tim.o
    0x08002dbc   0x08002dbc   0x0000002a   Code   RO         3221    i.HAL_TIM_Base_Start_IT  stm32f1xx_hal_tim.o
    0x08002de6   0x08002de6   0x00000108   Code   RO         3225    i.HAL_TIM_ConfigClockSource  stm32f1xx_hal_tim.o
    0x08002eee   0x08002eee   0x00000002   Code   RO         3245    i.HAL_TIM_IC_CaptureCallback  stm32f1xx_hal_tim.o
    0x08002ef0   0x08002ef0   0x00000196   Code   RO         3259    i.HAL_TIM_IRQHandler  stm32f1xx_hal_tim.o
    0x08003086   0x08003086   0x00000002   Code   RO         3262    i.HAL_TIM_OC_DelayElapsedCallback  stm32f1xx_hal_tim.o
    0x08003088   0x08003088   0x00000002   Code   RO         3289    i.HAL_TIM_PWM_PulseFinishedCallback  stm32f1xx_hal_tim.o
    0x0800308a   0x0800308a   0x00000002   PAD
    0x0800308c   0x0800308c   0x00000034   Code   RO          354    i.HAL_TIM_PeriodElapsedCallback  main.o
    0x080030c0   0x080030c0   0x00000002   Code   RO         3302    i.HAL_TIM_TriggerCallback  stm32f1xx_hal_tim.o
    0x080030c2   0x080030c2   0x00000072   Code   RO         4178    i.HAL_UART_Init     stm32f1xx_hal_uart.o
    0x08003134   0x08003134   0x000000d4   Code   RO          658    i.HAL_UART_MspInit  usart.o
    0x08003208   0x08003208   0x00000004   Code   RO          704    i.HardFault_Handler  stm32f1xx_it.o
    0x0800320c   0x0800320c   0x00000012   Code   RO         1674    i.I2C_Bus_Init      soft_i2c.o
    0x0800321e   0x0800321e   0x00000022   Code   RO          297    i.Internal_Flash_Read_Bytes  internal_flash.o
    0x08003240   0x08003240   0x00000006   Code   RO          298    i.Internal_Flash_Read_HalfWord  internal_flash.o
    0x08003246   0x08003246   0x00000002   PAD
    0x08003248   0x08003248   0x000000fc   Code   RO          299    i.Internal_Flash_Write_Bytes  internal_flash.o
    0x08003344   0x08003344   0x00000054   Code   RO         1675    i.MPU_INT_GPIO_Init  soft_i2c.o
    0x08003398   0x08003398   0x000000b4   Code   RO          445    i.MX_ADC1_Init      adc.o
    0x0800344c   0x0800344c   0x00000044   Code   RO          485    i.MX_DMA_Init       dma.o
    0x08003490   0x08003490   0x00000048   Code   RO          509    i.MX_FREERTOS_Init  freertos.o
    0x080034d8   0x080034d8   0x000000a8   Code   RO          419    i.MX_GPIO_Init      gpio.o
    0x08003580   0x08003580   0x0000006c   Code   RO          605    i.MX_TIM2_Init      tim.o
    0x080035ec   0x080035ec   0x0000006c   Code   RO          606    i.MX_TIM3_Init      tim.o
    0x08003658   0x08003658   0x00000038   Code   RO          659    i.MX_USART1_UART_Init  usart.o
    0x08003690   0x08003690   0x00000004   Code   RO          705    i.MemManage_Handler  stm32f1xx_it.o
    0x08003694   0x08003694   0x00000002   Code   RO          706    i.NMI_Handler       stm32f1xx_it.o
    0x08003696   0x08003696   0x00000014   Code   RO            1    i.NotifyAsyncIoFinished  misc.o
    0x080036aa   0x080036aa   0x00000002   PAD
    0x080036ac   0x080036ac   0x00000028   Code   RO         2396    i.RCC_Delay         stm32f1xx_hal_rcc.o
    0x080036d4   0x080036d4   0x0000004c   Code   RO         1676    i.Sensors_I2C_ReadRegister  soft_i2c.o
    0x08003720   0x08003720   0x0000004c   Code   RO         1677    i.Sensors_I2C_WriteRegister  soft_i2c.o
    0x0800376c   0x0800376c   0x00000024   Code   RO         1485    i.SerialDatagramEvtAlloc  thread_of_host_connect.o
    0x08003790   0x08003790   0x00000020   Code   RO         1487    i.SerialDatagramEvtSend  thread_of_host_connect.o
    0x080037b0   0x080037b0   0x00000012   Code   RO            2    i.SetUserSignal     misc.o
    0x080037c2   0x080037c2   0x00000002   PAD
    0x080037c4   0x080037c4   0x0000000c   Code   RO         1678    i.Set_I2C_Retry     soft_i2c.o
    0x080037d0   0x080037d0   0x00000072   Code   RO         1679    i.Soft_DMP_I2C_Read  soft_i2c.o
    0x08003842   0x08003842   0x0000005a   Code   RO         1680    i.Soft_DMP_I2C_Write  soft_i2c.o
    0x0800389c   0x0800389c   0x00000078   Code   RO         1681    i.Soft_I2C_Configuration  soft_i2c.o
    0x08003914   0x08003914   0x0000000a   Code   RO         1682    i.Soft_I2C_Delay    soft_i2c.o
    0x0800391e   0x0800391e   0x00000002   PAD
    0x08003920   0x08003920   0x00000064   Code   RO         1683    i.Soft_I2C_ReceiveByte  soft_i2c.o
    0x08003984   0x08003984   0x00000064   Code   RO         1684    i.Soft_I2C_ReceiveByte_WithACK  soft_i2c.o
    0x080039e8   0x080039e8   0x00000068   Code   RO         1685    i.Soft_I2C_START    soft_i2c.o
    0x08003a50   0x08003a50   0x00000038   Code   RO         1686    i.Soft_I2C_STOP     soft_i2c.o
    0x08003a88   0x08003a88   0x00000038   Code   RO         1687    i.Soft_I2C_SendACK  soft_i2c.o
    0x08003ac0   0x08003ac0   0x0000006c   Code   RO         1688    i.Soft_I2C_SendByte  soft_i2c.o
    0x08003b2c   0x08003b2c   0x00000038   Code   RO         1689    i.Soft_I2C_SendNACK  soft_i2c.o
    0x08003b64   0x08003b64   0x00000054   Code   RO         1690    i.Soft_I2C_Wait_Ack  soft_i2c.o
    0x08003bb8   0x08003bb8   0x0000001c   Code   RO          510    i.StartDefaultTask  freertos.o
    0x08003bd4   0x08003bd4   0x0000004c   Code   RO           77    i.StartUartRx       uart-api.o
    0x08003c20   0x08003c20   0x0000003c   Code   RO           78    i.StartUartTx       uart-api.o
    0x08003c5c   0x08003c5c   0x00000278   Code   RO         1384    i.Start_MPL_task    mpl_task.o
    0x08003ed4   0x08003ed4   0x00000054   Code   RO           79    i.StopUartIo        uart-api.o
    0x08003f28   0x08003f28   0x00000034   Code   RO         5837    i.SysTick_Handler   port.o
    0x08003f5c   0x08003f5c   0x00000084   Code   RO          355    i.SystemClock_Config  main.o
    0x08003fe0   0x08003fe0   0x00000058   Code   RO         4485    i.SystemInit        system_stm32f1xx.o
    0x08004038   0x08004038   0x00000010   Code   RO          707    i.TIM1_UP_IRQHandler  stm32f1xx_it.o
    0x08004048   0x08004048   0x00000010   Code   RO          708    i.TIM2_IRQHandler   stm32f1xx_it.o
    0x08004058   0x08004058   0x00000074   Code   RO         3304    i.TIM_Base_SetConfig  stm32f1xx_hal_tim.o
    0x080040cc   0x080040cc   0x00000016   Code   RO         3315    i.TIM_ETR_SetConfig  stm32f1xx_hal_tim.o
    0x080040e2   0x080040e2   0x00000012   Code   RO         3316    i.TIM_ITRx_SetConfig  stm32f1xx_hal_tim.o
    0x080040f4   0x080040f4   0x00000026   Code   RO         3322    i.TIM_TI1_ConfigInputStage  stm32f1xx_hal_tim.o
    0x0800411a   0x0800411a   0x00000028   Code   RO         3324    i.TIM_TI2_ConfigInputStage  stm32f1xx_hal_tim.o
    0x08004142   0x08004142   0x00000104   Code   RO           82    i.UART_IRQHandler   uart-api.o
    0x08004246   0x08004246   0x00000002   PAD
    0x08004248   0x08004248   0x000001a0   Code   RO         4205    i.UART_SetConfig    stm32f1xx_hal_uart.o
    0x080043e8   0x080043e8   0x0000000c   Code   RO           83    i.USART1_IRQHandler  uart-api.o
    0x080043f4   0x080043f4   0x0000000c   Code   RO           84    i.USART2_IRQHandler  uart-api.o
    0x08004400   0x08004400   0x00000004   Code   RO          709    i.UsageFault_Handler  stm32f1xx_it.o
    0x08004404   0x08004404   0x00000028   Code   RO         6185    i.__0sprintf$8      mc_w.l(printf8.o)
    0x0800442c   0x0800442c   0x00000026   Code   RO         6279    i.__ARM_fpclassifyf  m_ws.l(fpclassifyf.o)
    0x08004452   0x08004452   0x00000002   PAD
    0x08004454   0x08004454   0x00000010   Code   RO         2701    i.__NVIC_GetPriorityGrouping  stm32f1xx_hal_cortex.o
    0x08004464   0x08004464   0x00000028   Code   RO         2702    i.__NVIC_SetPriority  stm32f1xx_hal_cortex.o
    0x0800448c   0x0800448c   0x00000004   Code   RO         6283    i.__mathlib_flt_infnan2  m_ws.l(funder.o)
    0x08004490   0x08004490   0x0000000a   Code   RO         6287    i.__mathlib_flt_underflow  m_ws.l(funder.o)
    0x0800449a   0x0800449a   0x0000000e   Code   RO         6357    i.__scatterload_copy  mc_w.l(handlers.o)
    0x080044a8   0x080044a8   0x00000002   Code   RO         6358    i.__scatterload_null  mc_w.l(handlers.o)
    0x080044aa   0x080044aa   0x0000000e   Code   RO         6359    i.__scatterload_zeroinit  mc_w.l(handlers.o)
    0x080044b8   0x080044b8   0x0000000c   Code   RO         6322    i.__set_errno       mc_w.l(errno.o)
    0x080044c4   0x080044c4   0x00000410   Code   RO         6190    i._printf_core      mc_w.l(printf8.o)
    0x080048d4   0x080048d4   0x00000024   Code   RO         6191    i._printf_post_padding  mc_w.l(printf8.o)
    0x080048f8   0x080048f8   0x0000002e   Code   RO         6192    i._printf_pre_padding  mc_w.l(printf8.o)
    0x08004926   0x08004926   0x0000000a   Code   RO         6194    i._sputc            mc_w.l(printf8.o)
    0x08004930   0x08004930   0x000000c0   Code   RO         1066    i.accel_self_test   inv_mpu.o
    0x080049f0   0x080049f0   0x0000025c   Code   RO         5914    i.atan2f            m_ws.l(atan2f.o)
    0x08004c4c   0x08004c4c   0x00000064   Code   RO          856    i.decode_gesture    inv_mpu_dmp_motion_driver.o
    0x08004cb0   0x08004cb0   0x0000003c   Code   RO          857    i.dmp_enable_6x_lp_quat  inv_mpu_dmp_motion_driver.o
    0x08004cec   0x08004cec   0x0000021c   Code   RO          858    i.dmp_enable_feature  inv_mpu_dmp_motion_driver.o
    0x08004f08   0x08004f08   0x00000058   Code   RO          859    i.dmp_enable_gyro_cal  inv_mpu_dmp_motion_driver.o
    0x08004f60   0x08004f60   0x0000003c   Code   RO          860    i.dmp_enable_lp_quat  inv_mpu_dmp_motion_driver.o
    0x08004f9c   0x08004f9c   0x00000018   Code   RO          865    i.dmp_load_motion_driver_firmware  inv_mpu_dmp_motion_driver.o
    0x08004fb4   0x08004fb4   0x000001cc   Code   RO          866    i.dmp_read_fifo     inv_mpu_dmp_motion_driver.o
    0x08005180   0x08005180   0x00000070   Code   RO          870    i.dmp_set_fifo_rate  inv_mpu_dmp_motion_driver.o
    0x080051f0   0x080051f0   0x00000138   Code   RO          873    i.dmp_set_orientation  inv_mpu_dmp_motion_driver.o
    0x08005328   0x08005328   0x00000038   Code   RO          876    i.dmp_set_shake_reject_thresh  inv_mpu_dmp_motion_driver.o
    0x08005360   0x08005360   0x00000026   Code   RO          877    i.dmp_set_shake_reject_time  inv_mpu_dmp_motion_driver.o
    0x08005386   0x08005386   0x00000026   Code   RO          878    i.dmp_set_shake_reject_timeout  inv_mpu_dmp_motion_driver.o
    0x080053ac   0x080053ac   0x00000046   Code   RO          879    i.dmp_set_tap_axes  inv_mpu_dmp_motion_driver.o
    0x080053f2   0x080053f2   0x00000026   Code   RO          880    i.dmp_set_tap_count  inv_mpu_dmp_motion_driver.o
    0x08005418   0x08005418   0x000001a0   Code   RO          881    i.dmp_set_tap_thresh  inv_mpu_dmp_motion_driver.o
    0x080055b8   0x080055b8   0x00000026   Code   RO          882    i.dmp_set_tap_time  inv_mpu_dmp_motion_driver.o
    0x080055de   0x080055de   0x00000026   Code   RO          883    i.dmp_set_tap_time_multi  inv_mpu_dmp_motion_driver.o
    0x08005604   0x08005604   0x000000b4   Code   RO         1067    i.get_accel_prod_shift  inv_mpu.o
    0x080056b8   0x080056b8   0x000000c4   Code   RO         1488    i.get_raw_datagram_from_serial  thread_of_host_connect.o
    0x0800577c   0x0800577c   0x00000470   Code   RO         1068    i.get_st_biases     inv_mpu.o
    0x08005bec   0x08005bec   0x0000000e   Code   RO         1691    i.get_tick_count    soft_i2c.o
    0x08005bfa   0x08005bfa   0x00000002   PAD
    0x08005bfc   0x08005bfc   0x0000012c   Code   RO         1583    i.glove_calibration_check  thread_of_sensor_calibration.o
    0x08005d28   0x08005d28   0x00000094   Code   RO         1584    i.glove_calibration_process  thread_of_sensor_calibration.o
    0x08005dbc   0x08005dbc   0x0000000c   Code   RO         1385    i.gyro_data_ready_cb  mpl_task.o
    0x08005dc8   0x08005dc8   0x0000012c   Code   RO         1069    i.gyro_self_test    inv_mpu.o
    0x08005ef4   0x08005ef4   0x00000088   Code   RO         1489    i.host_uart_datagram_send  thread_of_host_connect.o
    0x08005f7c   0x08005f7c   0x00000010   Code   RO         5418    i.inHandlerMode     cmsis_os.o
    0x08005f8c   0x08005f8c   0x00000028   Code   RO         1386    i.init_MPL_task     mpl_task.o
    0x08005fb4   0x08005fb4   0x0000003c   Code   RO         1490    i.init_thread_of_host_uart_rx  thread_of_host_connect.o
    0x08005ff0   0x08005ff0   0x0000003c   Code   RO         1491    i.init_thread_of_host_uart_tx  thread_of_host_connect.o
    0x0800602c   0x0800602c   0x00000028   Code   RO         1585    i.init_thread_of_sensor_calibration  thread_of_sensor_calibration.o
    0x08006054   0x08006054   0x00000200   Code   RO         1387    i.inv_get_sensor_type_euler  mpl_task.o
    0x08006254   0x08006254   0x00000012   Code   RO         1388    i.inv_q29_mult      mpl_task.o
    0x08006266   0x08006266   0x0000004e   Code   RO         1389    i.inv_row_2_scale   mpl_task.o
    0x080062b4   0x080062b4   0x0000004c   Code   RO          356    i.main              main.o
    0x08006300   0x08006300   0x0000000e   Code   RO         5420    i.makeFreeRtosPriority  cmsis_os.o
    0x0800630e   0x0800630e   0x0000000c   Code   RO         1692    i.mdelay            soft_i2c.o
    0x0800631a   0x0800631a   0x00000002   PAD
    0x0800631c   0x0800631c   0x00000070   Code   RO         1070    i.mpu_configure_fifo  inv_mpu.o
    0x0800638c   0x0800638c   0x0000004c   Code   RO         1071    i.mpu_get_accel_fsr  inv_mpu.o
    0x080063d8   0x080063d8   0x00000010   Code   RO         1078    i.mpu_get_fifo_config  inv_mpu.o
    0x080063e8   0x080063e8   0x00000044   Code   RO         1079    i.mpu_get_gyro_fsr  inv_mpu.o
    0x0800642c   0x0800642c   0x00000050   Code   RO         1083    i.mpu_get_lpf       inv_mpu.o
    0x0800647c   0x0800647c   0x00000020   Code   RO         1085    i.mpu_get_sample_rate  inv_mpu.o
    0x0800649c   0x0800649c   0x000000fc   Code   RO         1087    i.mpu_init          inv_mpu.o
    0x08006598   0x08006598   0x000000b8   Code   RO         1088    i.mpu_load_firmware  inv_mpu.o
    0x08006650   0x08006650   0x000000e0   Code   RO         1089    i.mpu_lp_accel_mode  inv_mpu.o
    0x08006730   0x08006730   0x00000080   Code   RO         1091    i.mpu_read_6050_accel_bias  inv_mpu.o
    0x080067b0   0x080067b0   0x000000c0   Code   RO         1095    i.mpu_read_fifo_stream  inv_mpu.o
    0x08006870   0x08006870   0x00000080   Code   RO         1096    i.mpu_read_mem      inv_mpu.o
    0x080068f0   0x080068f0   0x000001c8   Code   RO         1099    i.mpu_reset_fifo    inv_mpu.o
    0x08006ab8   0x08006ab8   0x00000120   Code   RO         1100    i.mpu_run_self_test  inv_mpu.o
    0x08006bd8   0x08006bd8   0x000000c8   Code   RO         1101    i.mpu_set_accel_bias_6050_reg  inv_mpu.o
    0x08006ca0   0x08006ca0   0x00000084   Code   RO         1103    i.mpu_set_accel_fsr  inv_mpu.o
    0x08006d24   0x08006d24   0x0000014c   Code   RO         1104    i.mpu_set_bypass    inv_mpu.o
    0x08006e70   0x08006e70   0x00000090   Code   RO         1106    i.mpu_set_dmp_state  inv_mpu.o
    0x08006f00   0x08006f00   0x0000009c   Code   RO         1107    i.mpu_set_gyro_bias_reg  inv_mpu.o
    0x08006f9c   0x08006f9c   0x00000088   Code   RO         1108    i.mpu_set_gyro_fsr  inv_mpu.o
    0x08007024   0x08007024   0x0000006c   Code   RO         1109    i.mpu_set_int_latched  inv_mpu.o
    0x08007090   0x08007090   0x00000084   Code   RO         1111    i.mpu_set_lpf       inv_mpu.o
    0x08007114   0x08007114   0x0000009c   Code   RO         1112    i.mpu_set_sample_rate  inv_mpu.o
    0x080071b0   0x080071b0   0x000000d0   Code   RO         1113    i.mpu_set_sensors   inv_mpu.o
    0x08007280   0x08007280   0x00000080   Code   RO         1114    i.mpu_write_mem     inv_mpu.o
    0x08007300   0x08007300   0x00000018   Code   RO         5422    i.osDelay           cmsis_os.o
    0x08007318   0x08007318   0x0000000a   Code   RO         5425    i.osKernelStart     cmsis_os.o
    0x08007322   0x08007322   0x00000018   Code   RO         5427    i.osMailAlloc       cmsis_os.o
    0x0800733a   0x0800733a   0x0000007a   Code   RO         5429    i.osMailCreate      cmsis_os.o
    0x080073b4   0x080073b4   0x00000016   Code   RO         5430    i.osMailFree        cmsis_os.o
    0x080073ca   0x080073ca   0x00000002   PAD
    0x080073cc   0x080073cc   0x00000098   Code   RO         5431    i.osMailGet         cmsis_os.o
    0x08007464   0x08007464   0x00000060   Code   RO         5432    i.osMailPut         cmsis_os.o
    0x080074c4   0x080074c4   0x0000007c   Code   RO         5444    i.osPoolAlloc       cmsis_os.o
    0x08007540   0x08007540   0x00000070   Code   RO         5446    i.osPoolCreate      cmsis_os.o
    0x080075b0   0x080075b0   0x0000004a   Code   RO         5447    i.osPoolFree        cmsis_os.o
    0x080075fa   0x080075fa   0x00000002   PAD
    0x080075fc   0x080075fc   0x00000060   Code   RO         5456    i.osSignalSet       cmsis_os.o
    0x0800765c   0x0800765c   0x00000062   Code   RO         5457    i.osSignalWait      cmsis_os.o
    0x080076be   0x080076be   0x0000005e   Code   RO         5459    i.osThreadCreate    cmsis_os.o
    0x0800771c   0x0800771c   0x00000008   Code   RO         5460    i.osThreadGetId     cmsis_os.o
    0x08007724   0x08007724   0x0000004c   Code   RO         5470    i.osTimerCreate     cmsis_os.o
    0x08007770   0x08007770   0x00000068   Code   RO         5472    i.osTimerStart      cmsis_os.o
    0x080077d8   0x080077d8   0x00000098   Code   RO         4969    i.prvAddCurrentTaskToDelayedList  tasks.o
    0x08007870   0x08007870   0x000000b4   Code   RO         4970    i.prvAddNewTaskToReadyList  tasks.o
    0x08007924   0x08007924   0x00000074   Code   RO         5279    i.prvCheckForValidListAndQueue  timers.o
    0x08007998   0x08007998   0x00000048   Code   RO         4971    i.prvCheckTasksWaitingTermination  tasks.o
    0x080079e0   0x080079e0   0x0000002a   Code   RO         4650    i.prvCopyDataFromQueue  queue.o
    0x08007a0a   0x08007a0a   0x0000007c   Code   RO         4651    i.prvCopyDataToQueue  queue.o
    0x08007a86   0x08007a86   0x00000050   Code   RO         4972    i.prvDeleteTCB      tasks.o
    0x08007ad6   0x08007ad6   0x00000002   PAD
    0x08007ad8   0x08007ad8   0x00000028   Code   RO         5280    i.prvGetNextExpireTime  timers.o
    0x08007b00   0x08007b00   0x0000007c   Code   RO         5787    i.prvHeapInit       heap_4.o
    0x08007b7c   0x08007b7c   0x00000028   Code   RO         4973    i.prvIdleTask       tasks.o
    0x08007ba4   0x08007ba4   0x00000026   Code   RO         4654    i.prvInitialiseNewQueue  queue.o
    0x08007bca   0x08007bca   0x000000aa   Code   RO         4974    i.prvInitialiseNewTask  tasks.o
    0x08007c74   0x08007c74   0x0000004e   Code   RO         5281    i.prvInitialiseNewTimer  timers.o
    0x08007cc2   0x08007cc2   0x00000002   PAD
    0x08007cc4   0x08007cc4   0x00000068   Code   RO         4975    i.prvInitialiseTaskLists  tasks.o
    0x08007d2c   0x08007d2c   0x00000068   Code   RO         5788    i.prvInsertBlockIntoFreeList  heap_4.o
    0x08007d94   0x08007d94   0x00000058   Code   RO         5282    i.prvInsertTimerInActiveList  timers.o
    0x08007dec   0x08007dec   0x0000001a   Code   RO         4655    i.prvIsQueueEmpty   queue.o
    0x08007e06   0x08007e06   0x0000001e   Code   RO         4656    i.prvIsQueueFull    queue.o
    0x08007e24   0x08007e24   0x00000064   Code   RO         5283    i.prvProcessExpiredTimer  timers.o
    0x08007e88   0x08007e88   0x000000fc   Code   RO         5284    i.prvProcessReceivedCommands  timers.o
    0x08007f84   0x08007f84   0x00000074   Code   RO         5285    i.prvProcessTimerOrBlockTask  timers.o
    0x08007ff8   0x08007ff8   0x00000034   Code   RO         4976    i.prvResetNextTaskUnblockTime  tasks.o
    0x0800802c   0x0800802c   0x0000002c   Code   RO         5286    i.prvSampleTimeNow  timers.o
    0x08008058   0x08008058   0x000000a0   Code   RO         5287    i.prvSwitchTimerLists  timers.o
    0x080080f8   0x080080f8   0x00000040   Code   RO         5838    i.prvTaskExitError  port.o
    0x08008138   0x08008138   0x0000001a   Code   RO         5288    i.prvTimerTask      timers.o
    0x08008152   0x08008152   0x0000007e   Code   RO         4657    i.prvUnlockQueue    queue.o
    0x080081d0   0x080081d0   0x0000013c   Code   RO         5789    i.pvPortMalloc      heap_4.o
    0x0800830c   0x0800830c   0x00000024   Code   RO         5839    i.pxPortInitialiseStack  port.o
    0x08008330   0x08008330   0x0000008c   Code   RO         1390    i.run_self_test     mpl_task.o
    0x080083bc   0x080083bc   0x00000044   Code   RO         1492    i.send_raw_datagram_to_serial  thread_of_host_connect.o
    0x08008400   0x08008400   0x00000038   Code   RO         1586    i.send_software_version_to_host  thread_of_sensor_calibration.o
    0x08008438   0x08008438   0x00000062   Code   RO         1493    i.serial_datagram_msg_process_common_func  thread_of_host_connect.o
    0x0800849a   0x0800849a   0x00000002   PAD
    0x0800849c   0x0800849c   0x00000090   Code   RO         1115    i.set_int_enable    inv_mpu.o
    0x0800852c   0x0800852c   0x0000002c   Code   RO         5922    i.sqrtf             m_ws.l(sqrtf.o)
    0x08008558   0x08008558   0x000000a8   Code   RO         1494    i.thread_of_host_uart_rx  thread_of_host_connect.o
    0x08008600   0x08008600   0x0000003c   Code   RO         1495    i.thread_of_host_uart_tx  thread_of_host_connect.o
    0x0800863c   0x0800863c   0x00000480   Code   RO         1587    i.thread_of_sensor_calibration  thread_of_sensor_calibration.o
    0x08008abc   0x08008abc   0x00000028   Code   RO         4613    i.uxListRemove      list.o
    0x08008ae4   0x08008ae4   0x00000018   Code   RO          511    i.vApplicationGetIdleTaskMemory  freertos.o
    0x08008afc   0x08008afc   0x00000018   Code   RO          512    i.vApplicationGetTimerTaskMemory  freertos.o
    0x08008b14   0x08008b14   0x0000001a   Code   RO         4614    i.vListInitialise   list.o
    0x08008b2e   0x08008b2e   0x00000006   Code   RO         4615    i.vListInitialiseItem  list.o
    0x08008b34   0x08008b34   0x00000034   Code   RO         4616    i.vListInsert       list.o
    0x08008b68   0x08008b68   0x00000018   Code   RO         4617    i.vListInsertEnd    list.o
    0x08008b80   0x08008b80   0x00000054   Code   RO         5841    i.vPortEnterCritical  port.o
    0x08008bd4   0x08008bd4   0x0000003c   Code   RO         5842    i.vPortExitCritical  port.o
    0x08008c10   0x08008c10   0x00000094   Code   RO         5790    i.vPortFree         heap_4.o
    0x08008ca4   0x08008ca4   0x00000028   Code   RO         5843    i.vPortSetupTimerInterrupt  port.o
    0x08008ccc   0x08008ccc   0x00000078   Code   RO         5844    i.vPortValidateInterruptPriority  port.o
    0x08008d44   0x08008d44   0x0000002c   Code   RO         4661    i.vQueueAddToRegistry  queue.o
    0x08008d70   0x08008d70   0x0000004a   Code   RO         4664    i.vQueueWaitForMessageRestricted  queue.o
    0x08008dba   0x08008dba   0x00000002   PAD
    0x08008dbc   0x08008dbc   0x0000005c   Code   RO         4984    i.vTaskDelay        tasks.o
    0x08008e18   0x08008e18   0x00000018   Code   RO         4987    i.vTaskInternalSetTimeOutState  tasks.o
    0x08008e30   0x08008e30   0x0000000c   Code   RO         4988    i.vTaskMissedYield  tasks.o
    0x08008e3c   0x08008e3c   0x00000038   Code   RO         4990    i.vTaskPlaceOnEventList  tasks.o
    0x08008e74   0x08008e74   0x00000040   Code   RO         4991    i.vTaskPlaceOnEventListRestricted  tasks.o
    0x08008eb4   0x08008eb4   0x000000b8   Code   RO         4998    i.vTaskStartScheduler  tasks.o
    0x08008f6c   0x08008f6c   0x00000010   Code   RO         5000    i.vTaskSuspendAll   tasks.o
    0x08008f7c   0x08008f7c   0x0000008c   Code   RO         5001    i.vTaskSwitchContext  tasks.o
    0x08009008   0x08009008   0x000000f8   Code   RO         5845    i.xPortStartScheduler  port.o
    0x08009100   0x08009100   0x0000005e   Code   RO         4667    i.xQueueGenericCreate  queue.o
    0x0800915e   0x0800915e   0x000000de   Code   RO         4668    i.xQueueGenericCreateStatic  queue.o
    0x0800923c   0x0800923c   0x00000098   Code   RO         4669    i.xQueueGenericReset  queue.o
    0x080092d4   0x080092d4   0x000001a8   Code   RO         4670    i.xQueueGenericSend  queue.o
    0x0800947c   0x0800947c   0x000000f8   Code   RO         4671    i.xQueueGenericSendFromISR  queue.o
    0x08009574   0x08009574   0x00000168   Code   RO         4677    i.xQueueReceive     queue.o
    0x080096dc   0x080096dc   0x000000ca   Code   RO         4678    i.xQueueReceiveFromISR  queue.o
    0x080097a6   0x080097a6   0x00000002   PAD
    0x080097a8   0x080097a8   0x0000008c   Code   RO         5002    i.xTaskCheckForTimeOut  tasks.o
    0x08009834   0x08009834   0x00000064   Code   RO         5003    i.xTaskCreate       tasks.o
    0x08009898   0x08009898   0x000000b8   Code   RO         5004    i.xTaskCreateStatic  tasks.o
    0x08009950   0x08009950   0x00000104   Code   RO         5005    i.xTaskGenericNotify  tasks.o
    0x08009a54   0x08009a54   0x00000144   Code   RO         5006    i.xTaskGenericNotifyFromISR  tasks.o
    0x08009b98   0x08009b98   0x0000000c   Code   RO         5007    i.xTaskGetCurrentTaskHandle  tasks.o
    0x08009ba4   0x08009ba4   0x00000020   Code   RO         5008    i.xTaskGetSchedulerState  tasks.o
    0x08009bc4   0x08009bc4   0x0000000c   Code   RO         5009    i.xTaskGetTickCount  tasks.o
    0x08009bd0   0x08009bd0   0x00000148   Code   RO         5011    i.xTaskIncrementTick  tasks.o
    0x08009d18   0x08009d18   0x000000a0   Code   RO         5013    i.xTaskNotifyWait   tasks.o
    0x08009db8   0x08009db8   0x000000c8   Code   RO         5014    i.xTaskPriorityDisinherit  tasks.o
    0x08009e80   0x08009e80   0x00000098   Code   RO         5016    i.xTaskRemoveFromEventList  tasks.o
    0x08009f18   0x08009f18   0x00000104   Code   RO         5017    i.xTaskResumeAll    tasks.o
    0x0800a01c   0x0800a01c   0x00000036   Code   RO         5291    i.xTimerCreate      timers.o
    0x0800a052   0x0800a052   0x00000070   Code   RO         5292    i.xTimerCreateStatic  timers.o
    0x0800a0c2   0x0800a0c2   0x00000002   PAD
    0x0800a0c4   0x0800a0c4   0x00000078   Code   RO         5293    i.xTimerCreateTimerTask  timers.o
    0x0800a13c   0x0800a13c   0x00000084   Code   RO         5294    i.xTimerGenericCommand  timers.o
    0x0800a1c0   0x0800a1c0   0x0000001c   Data   RO          514    .constdata          freertos.o
    0x0800a1dc   0x0800a1dc   0x00000bf6   Data   RO          885    .constdata          inv_mpu_dmp_motion_driver.o
    0x0800add2   0x0800add2   0x00000002   PAD
    0x0800add4   0x0800add4   0x00000054   Data   RO         1116    .constdata          inv_mpu.o
    0x0800ae28   0x0800ae28   0x0000002c   Data   RO         1392    .constdata          mpl_task.o
    0x0800ae54   0x0800ae54   0x00000058   Data   RO         1496    .constdata          thread_of_host_connect.o
    0x0800aeac   0x0800aeac   0x0000003c   Data   RO         1590    .constdata          thread_of_sensor_calibration.o
    0x0800aee8   0x0800aee8   0x00000018   Data   RO         4486    .constdata          system_stm32f1xx.o
    0x0800af00   0x0800af00   0x00000081   Data   RO         5937    .constdata          mc_w.l(ctype_o.o)
    0x0800af81   0x0800af81   0x00000003   PAD
    0x0800af84   0x0800af84   0x00000004   Data   RO         5938    .constdata          mc_w.l(ctype_o.o)
    0x0800af88   0x0800af88   0x0000000c   Data   RO          515    .conststring        freertos.o
    0x0800af94   0x0800af94   0x00000009   Data   RO         1393    .conststring        mpl_task.o
    0x0800af9d   0x0800af9d   0x00000003   PAD
    0x0800afa0   0x0800afa0   0x0000001d   Data   RO         1497    .conststring        thread_of_host_connect.o
    0x0800afbd   0x0800afbd   0x00000003   PAD
    0x0800afc0   0x0800afc0   0x00000013   Data   RO         1591    .conststring        thread_of_sensor_calibration.o
    0x0800afd3   0x0800afd3   0x00000001   PAD
    0x0800afd4   0x0800afd4   0x00000020   Data   RO         6355    Region$$Table       anon$$obj.o


    Execution Region RW_IRAM1 (Exec base: 0x20000000, Load base: 0x0800aff4, Size: 0x000035d8, Max: 0x00005000, ABSOLUTE, COMPRESSED[0x00000040])

    Exec Addr    Load Addr    Size         Type   Attr      Idx    E Section Name        Object

    0x20000000   COMPRESSED   0x00000084   Data   RW           85    .data               uart-api.o
    0x20000084   COMPRESSED   0x00000004   Data   RW          516    .data               freertos.o
    0x20000088   COMPRESSED   0x0000002c   Data   RW         1117    .data               inv_mpu.o
    0x200000b4   COMPRESSED   0x00000024   Data   RW         1394    .data               mpl_task.o
    0x200000d8   COMPRESSED   0x00000018   Data   RW         1498    .data               thread_of_host_connect.o
    0x200000f0   COMPRESSED   0x00000034   Data   RW         1592    .data               thread_of_sensor_calibration.o
    0x20000124   COMPRESSED   0x00000002   Data   RW         1693    .data               soft_i2c.o
    0x20000126   COMPRESSED   0x00000002   PAD
    0x20000128   COMPRESSED   0x00000009   Data   RW         2233    .data               stm32f1xx_hal.o
    0x20000131   COMPRESSED   0x00000003   PAD
    0x20000134   COMPRESSED   0x00000004   Data   RW         4487    .data               system_stm32f1xx.o
    0x20000138   COMPRESSED   0x0000003c   Data   RW         5020    .data               tasks.o
    0x20000174   COMPRESSED   0x00000014   Data   RW         5300    .data               timers.o
    0x20000188   COMPRESSED   0x00000018   Data   RW         5795    .data               heap_4.o
    0x200001a0   COMPRESSED   0x0000000c   Data   RW         5846    .data               port.o
    0x200001ac   COMPRESSED   0x00000004   Data   RW         6323    .data               mc_w.l(errno.o)
    0x200001b0        -       0x00000400   Zero   RW          300    .bss                internal_flash.o
    0x200005b0        -       0x00000080   Zero   RW          446    .bss                adc.o
    0x20000630        -       0x000004a8   Zero   RW          513    .bss                freertos.o
    0x20000ad8        -       0x00000080   Zero   RW          608    .bss                tim.o
    0x20000b58        -       0x00000084   Zero   RW          660    .bss                usart.o
    0x20000bdc        -       0x00000040   Zero   RW          820    .bss                stm32f1xx_hal_timebase_tim.o
    0x20000c1c        -       0x00000010   Zero   RW          884    .bss                inv_mpu_dmp_motion_driver.o
    0x20000c2c        -       0x0000000a   Zero   RW         1391    .bss                mpl_task.o
    0x20000c36   COMPRESSED   0x00000002   PAD
    0x20000c38        -       0x00000068   Zero   RW         1589    .bss                thread_of_sensor_calibration.o
    0x20000ca0        -       0x00000020   Zero   RW         2947    .bss                stm32f1xx_hal_flash.o
    0x20000cc0        -       0x00000040   Zero   RW         4680    .bss                queue.o
    0x20000d00        -       0x000000f0   Zero   RW         5019    .bss                tasks.o
    0x20000df0        -       0x000000e8   Zero   RW         5299    .bss                timers.o
    0x20000ed8        -       0x00002300   Zero   RW         5794    .bss                heap_4.o
    0x200031d8        -       0x00000400   Zero   RW          343    STACK               startup_stm32f103xb.o


==============================================================================

Image component sizes


      Code (inc. data)   RO Data    RW Data    ZI Data      Debug   Object Name

       372         28          0          0        128       1874   adc.o
      1266         24          0          0          0      36507   cmsis_os.o
        68          4          0          0          0        738   dma.o
         0          0          0          0          0      16712   event_groups.o
       148         34         40          4       1192       8919   freertos.o
       168          8          0          0          0        911   gpio.o
       692         62          0         24       8960       4699   heap_4.o
       336          8          0          0       1024       3624   internal_flash.o
      6020        192         84         44          0      30351   inv_mpu.o
      2488        108       3062          0         16      20481   inv_mpu_dmp_motion_driver.o
       148          0          0          0          0       3446   list.o
       264         22          0          0          0       2496   main.o
        38          0          0          0          0      38212   misc.o
      1448         82         53         36         10      24629   mpl_task.o
       854         78          0         12          0      11321   port.o
      2206         20          0          0         64      16713   queue.o
      1314         76          0          2          0      12987   soft_i2c.o
        36          8        236          0       1024        776   startup_stm32f103xb.o
       116         24          0          9          0       5282   stm32f1xx_hal.o
      1698         56          0          0          0       9674   stm32f1xx_hal_adc.o
         2          0          0          0          0       1093   stm32f1xx_hal_adc_ex.o
       252         22          0          0          0      28702   stm32f1xx_hal_cortex.o
       716          8          0          0          0       3515   stm32f1xx_hal_dma.o
       520         48          0          0         32       4202   stm32f1xx_hal_flash.o
       256         26          0          0          0       2575   stm32f1xx_hal_flash_ex.o
       870         38          0          0          0       4535   stm32f1xx_hal_gpio.o
        96         10          0          0          0        882   stm32f1xx_hal_msp.o
      1852        120          0          0          0       6673   stm32f1xx_hal_rcc.o
       304         14          0          0          0       1408   stm32f1xx_hal_rcc_ex.o
      1006         12          0          0          0       9123   stm32f1xx_hal_tim.o
        88          0          0          0          0       2377   stm32f1xx_hal_tim_ex.o
       136         18          0          0         64       1451   stm32f1xx_hal_timebase_tim.o
       530          4          0          0          0       1764   stm32f1xx_hal_uart.o
       100         30          0          0          0       4898   stm32f1xx_it.o
        88         18         24          4          0       1175   system_stm32f1xx.o
      3602        420          0         60        240      27901   tasks.o
       914        102        117         24          0      16977   thread_of_host_connect.o
      1696        138         79         52        104      23738   thread_of_sensor_calibration.o
       320         20          0          0        128       2283   tim.o
      1438        126          0         20        232      30035   timers.o
       504         20          0        132          0     457056   uart-api.o
       268         30          0          0        132       1729   usart.o

    ----------------------------------------------------------------------
     35280       2058       3736        428      13352     884444   Object Totals
         0          0         32          0          0          0   (incl. Generated)
        42          0          9          5          2          0   (incl. Padding)

    ----------------------------------------------------------------------

      Code (inc. data)   RO Data    RW Data    ZI Data      Debug   Library Member Name

       604         76          0          0          0        116   atan2f.o
        38          0          0          0          0         68   fpclassifyf.o
        14          0          0          0          0        136   funder.o
        44          0          0          0          0         80   sqrtf.o
        56          8          0          0          0         84   __0sscanf.o
        86          0          0          0          0          0   __dczerorl2.o
        28          0          0          0          0         68   _chval.o
       812          4          0          0          0        112   _scanf.o
       332          0          0          0          0         96   _scanf_int.o
        64          0          0          0          0         84   _sgetc.o
         8          4        133          0          0         68   ctype_o.o
         0          0          0          0          0          0   entry.o
         0          0          0          0          0          0   entry10a.o
         0          0          0          0          0          0   entry11a.o
         8          4          0          0          0          0   entry2.o
         4          0          0          0          0          0   entry5.o
         0          0          0          0          0          0   entry7b.o
         0          0          0          0          0          0   entry8b.o
         8          4          0          0          0          0   entry9a.o
        12          6          0          4          0         68   errno.o
        30          0          0          0          0          0   handlers.o
        36          8          0          0          0         68   init.o
        18          0          0          0          0         76   isspace_o.o
         0          0          0          0          0          0   iusefp.o
        98          0          0          0          0         84   ldiv.o
        30          0          0          0          0         68   llshl.o
        36          0          0          0          0         68   llsshr.o
        32          0          0          0          0         68   llushr.o
        20          0          0          0          0         68   memchr.o
        26          0          0          0          0         80   memcmp.o
        36          0          0          0          0         68   memcpya.o
        36          0          0          0          0        108   memseta.o
      1172         50          0          0          0        420   printf8.o
        40          8          0          0          0         84   scanf_char.o
        98          0          0          0          0         92   uldiv.o
        48          0          0          0          0         68   cdcmple.o
        48          0          0          0          0         68   cdrcmple.o
        20          0          0          0          0         68   cfcmple.o
        20          0          0          0          0         68   cfrcmple.o
        56          0          0          0          0         88   d2f.o
       334          0          0          0          0        148   dadd.o
       222          0          0          0          0        100   ddiv.o
       186          0          0          0          0        176   depilogue.o
        50          0          0          0          0         76   dfixui.o
        34          0          0          0          0         76   dflti.o
        26          0          0          0          0         76   dfltui.o
       228          0          0          0          0         96   dmul.o
        38          0          0          0          0         68   f2d.o
       176          0          0          0          0        140   fadd.o
       124          0          0          0          0         88   fdiv.o
       110          0          0          0          0        168   fepilogue.o
        50          0          0          0          0         68   ffixi.o
        40          0          0          0          0         68   ffixui.o
        18          0          0          0          0         68   fflti.o
        10          0          0          0          0         68   ffltui.o
       100          0          0          0          0         76   fmul.o
        24          0          0          0          0         68   fscalb.o
        94          0          0          0          0         96   fsqrt.o

    ----------------------------------------------------------------------
      5892        172        136          4          0       4416   Library Totals
        10          0          3          0          0          0   (incl. Padding)

    ----------------------------------------------------------------------

      Code (inc. data)   RO Data    RW Data    ZI Data      Debug   Library Name

       700         76          0          0          0        400   m_ws.l
      3126         96        133          4          0       1932   mc_w.l
      2056          0          0          0          0       2084   mf_w.l

    ----------------------------------------------------------------------
      5892        172        136          4          0       4416   Library Totals

    ----------------------------------------------------------------------

==============================================================================


      Code (inc. data)   RO Data    RW Data    ZI Data      Debug   

     41172       2230       3872        432      13352     871412   Grand Totals
     41172       2230       3872         64      13352     871412   ELF Image Totals (compressed)
     41172       2230       3872         64          0          0   ROM Totals

==============================================================================

    Total RO  Size (Code + RO Data)                45044 (  43.99kB)
    Total RW  Size (RW Data + ZI Data)             13784 (  13.46kB)
    Total ROM Size (Code + RO Data + RW Data)      45108 (  44.05kB)

==============================================================================

